Archive member included to satisfy reference by file (symbol)

c:/program files (x86)/atollic/truestudio for arm 7.0.1/armtools/bin/../lib/gcc/arm-atollic-eabi/5.3.1/../../../../arm-atollic-eabi/lib/armv7e-m/fpu\libc.a(lib_a-init.o)
                              startup\startup_stm32l432xx.o (__libc_init_array)
c:/program files (x86)/atollic/truestudio for arm 7.0.1/armtools/bin/../lib/gcc/arm-atollic-eabi/5.3.1/../../../../arm-atollic-eabi/lib/armv7e-m/fpu\libc.a(lib_a-reent.o)
                              Src\syscalls.o (errno)
c:/program files (x86)/atollic/truestudio for arm 7.0.1/armtools/bin/../lib/gcc/arm-atollic-eabi/5.3.1/../../../../arm-atollic-eabi/lib/armv7e-m/fpu\libc.a(lib_a-strlen.o)
                              Src\GFXC.o (strlen)
c:/program files (x86)/atollic/truestudio for arm 7.0.1/armtools/bin/../lib/gcc/arm-atollic-eabi/5.3.1/../../../../arm-atollic-eabi/lib/armv7e-m/fpu\libc.a(lib_a-freer.o)
                              c:/program files (x86)/atollic/truestudio for arm 7.0.1/armtools/bin/../lib/gcc/arm-atollic-eabi/5.3.1/../../../../arm-atollic-eabi/lib/armv7e-m/fpu\libc.a(lib_a-reent.o) (_free_r)
c:/program files (x86)/atollic/truestudio for arm 7.0.1/armtools/bin/../lib/gcc/arm-atollic-eabi/5.3.1/../../../../arm-atollic-eabi/lib/armv7e-m/fpu\libc.a(lib_a-impure.o)
                              c:/program files (x86)/atollic/truestudio for arm 7.0.1/armtools/bin/../lib/gcc/arm-atollic-eabi/5.3.1/../../../../arm-atollic-eabi/lib/armv7e-m/fpu\libc.a(lib_a-reent.o) (_impure_ptr)
c:/program files (x86)/atollic/truestudio for arm 7.0.1/armtools/bin/../lib/gcc/arm-atollic-eabi/5.3.1/../../../../arm-atollic-eabi/lib/armv7e-m/fpu\libc.a(lib_a-mallocr.o)
                              c:/program files (x86)/atollic/truestudio for arm 7.0.1/armtools/bin/../lib/gcc/arm-atollic-eabi/5.3.1/../../../../arm-atollic-eabi/lib/armv7e-m/fpu\libc.a(lib_a-freer.o) (__malloc_current_mallinfo)
c:/program files (x86)/atollic/truestudio for arm 7.0.1/armtools/bin/../lib/gcc/arm-atollic-eabi/5.3.1/../../../../arm-atollic-eabi/lib/armv7e-m/fpu\libc.a(lib_a-mlock.o)
                              c:/program files (x86)/atollic/truestudio for arm 7.0.1/armtools/bin/../lib/gcc/arm-atollic-eabi/5.3.1/../../../../arm-atollic-eabi/lib/armv7e-m/fpu\libc.a(lib_a-freer.o) (__malloc_lock)
c:/program files (x86)/atollic/truestudio for arm 7.0.1/armtools/bin/../lib/gcc/arm-atollic-eabi/5.3.1/../../../../arm-atollic-eabi/lib/armv7e-m/fpu\libc.a(lib_a-sbrkr.o)
                              c:/program files (x86)/atollic/truestudio for arm 7.0.1/armtools/bin/../lib/gcc/arm-atollic-eabi/5.3.1/../../../../arm-atollic-eabi/lib/armv7e-m/fpu\libc.a(lib_a-freer.o) (_sbrk_r)
c:/program files (x86)/atollic/truestudio for arm 7.0.1/armtools/bin/../lib/gcc/arm-atollic-eabi/5.3.1/../../../../arm-atollic-eabi/lib/armv7e-m/fpu\libm.a(lib_a-s_cos.o)
                              Src\gauge.o (cos)
c:/program files (x86)/atollic/truestudio for arm 7.0.1/armtools/bin/../lib/gcc/arm-atollic-eabi/5.3.1/../../../../arm-atollic-eabi/lib/armv7e-m/fpu\libm.a(lib_a-s_sin.o)
                              Src\gauge.o (sin)
c:/program files (x86)/atollic/truestudio for arm 7.0.1/armtools/bin/../lib/gcc/arm-atollic-eabi/5.3.1/../../../../arm-atollic-eabi/lib/armv7e-m/fpu\libm.a(lib_a-e_rem_pio2.o)
                              c:/program files (x86)/atollic/truestudio for arm 7.0.1/armtools/bin/../lib/gcc/arm-atollic-eabi/5.3.1/../../../../arm-atollic-eabi/lib/armv7e-m/fpu\libm.a(lib_a-s_cos.o) (__ieee754_rem_pio2)
c:/program files (x86)/atollic/truestudio for arm 7.0.1/armtools/bin/../lib/gcc/arm-atollic-eabi/5.3.1/../../../../arm-atollic-eabi/lib/armv7e-m/fpu\libm.a(lib_a-k_cos.o)
                              c:/program files (x86)/atollic/truestudio for arm 7.0.1/armtools/bin/../lib/gcc/arm-atollic-eabi/5.3.1/../../../../arm-atollic-eabi/lib/armv7e-m/fpu\libm.a(lib_a-s_cos.o) (__kernel_cos)
c:/program files (x86)/atollic/truestudio for arm 7.0.1/armtools/bin/../lib/gcc/arm-atollic-eabi/5.3.1/../../../../arm-atollic-eabi/lib/armv7e-m/fpu\libm.a(lib_a-k_rem_pio2.o)
                              c:/program files (x86)/atollic/truestudio for arm 7.0.1/armtools/bin/../lib/gcc/arm-atollic-eabi/5.3.1/../../../../arm-atollic-eabi/lib/armv7e-m/fpu\libm.a(lib_a-e_rem_pio2.o) (__kernel_rem_pio2)
c:/program files (x86)/atollic/truestudio for arm 7.0.1/armtools/bin/../lib/gcc/arm-atollic-eabi/5.3.1/../../../../arm-atollic-eabi/lib/armv7e-m/fpu\libm.a(lib_a-k_sin.o)
                              c:/program files (x86)/atollic/truestudio for arm 7.0.1/armtools/bin/../lib/gcc/arm-atollic-eabi/5.3.1/../../../../arm-atollic-eabi/lib/armv7e-m/fpu\libm.a(lib_a-s_cos.o) (__kernel_sin)
c:/program files (x86)/atollic/truestudio for arm 7.0.1/armtools/bin/../lib/gcc/arm-atollic-eabi/5.3.1/../../../../arm-atollic-eabi/lib/armv7e-m/fpu\libm.a(lib_a-s_fabs.o)
[...]
Memory Configuration

Name             Origin             Length             Attributes
RAM              0x20000000         0x0000c000         xrw
RAM2             0x10000000         0x00004000         xrw
FLASH            0x08000000         0x00040000         xr
*default*        0x00000000         0xffffffff

Linker script and memory map

LOAD c:/program files (x86)/atollic/truestudio for arm 7.0.1/armtools/bin/../lib/gcc/arm-atollic-eabi/5.3.1/armv7e-m/fpu/crti.o
LOAD c:/program files (x86)/atollic/truestudio for arm 7.0.1/armtools/bin/../lib/gcc/arm-atollic-eabi/5.3.1/armv7e-m/fpu/crtbegin.o
LOAD Drivers\STM32L4xx_HAL_Driver\Src\stm32l4xx_hal.o
LOAD Drivers\STM32L4xx_HAL_Driver\Src\stm32l4xx_hal_cortex.o
LOAD Drivers\STM32L4xx_HAL_Driver\Src\stm32l4xx_hal_dma.o
LOAD Drivers\STM32L4xx_HAL_Driver\Src\stm32l4xx_hal_flash.o
LOAD Drivers\STM32L4xx_HAL_Driver\Src\stm32l4xx_hal_flash_ex.o
LOAD Drivers\STM32L4xx_HAL_Driver\Src\stm32l4xx_hal_flash_ramfunc.o
LOAD Drivers\STM32L4xx_HAL_Driver\Src\stm32l4xx_hal_gpio.o
LOAD Drivers\STM32L4xx_HAL_Driver\Src\stm32l4xx_hal_i2c.o
LOAD Drivers\STM32L4xx_HAL_Driver\Src\stm32l4xx_hal_i2c_ex.o
LOAD Drivers\STM32L4xx_HAL_Driver\Src\stm32l4xx_hal_pwr.o
LOAD Drivers\STM32L4xx_HAL_Driver\Src\stm32l4xx_hal_pwr_ex.o
LOAD Drivers\STM32L4xx_HAL_Driver\Src\stm32l4xx_hal_rcc.o
LOAD Drivers\STM32L4xx_HAL_Driver\Src\stm32l4xx_hal_rcc_ex.o
LOAD Drivers\STM32L4xx_HAL_Driver\Src\stm32l4xx_hal_spi.o
LOAD Drivers\STM32L4xx_HAL_Driver\Src\stm32l4xx_hal_spi_ex.o
LOAD Drivers\STM32L4xx_HAL_Driver\Src\stm32l4xx_hal_tim.o
LOAD Drivers\STM32L4xx_HAL_Driver\Src\stm32l4xx_hal_tim_ex.o
LOAD Drivers\STM32L4xx_HAL_Driver\Src\stm32l4xx_hal_uart.o
LOAD Drivers\STM32L4xx_HAL_Driver\Src\stm32l4xx_hal_uart_ex.o
LOAD Src\GFXC.o
LOAD Src\ILI9163.o
LOAD Src\debounce.o
LOAD Src\gauge.o
LOAD Src\main.o
LOAD Src\stm32l4xx_hal_msp.o
LOAD Src\stm32l4xx_it.o
LOAD Src\syscalls.o
LOAD Src\system_stm32l4xx.o
LOAD startup\startup_stm32l432xx.o
START GROUP
LOAD c:/program files (x86)/atollic/truestudio for arm 7.0.1/armtools/bin/../lib/gcc/arm-atollic-eabi/5.3.1/../../../../arm-atollic-eabi/lib/armv7e-m/fpu\libc.a
LOAD c:/program files (x86)/atollic/truestudio for arm 7.0.1/armtools/bin/../lib/gcc/arm-atollic-eabi/5.3.1/../../../../arm-atollic-eabi/lib/armv7e-m/fpu\libm.a
END GROUP
                0x00000080                malloc_getpagesize_P = 0x80
START GROUP
LOAD c:/program files (x86)/atollic/truestudio for arm 7.0.1/armtools/bin/../lib/gcc/arm-atollic-eabi/5.3.1/armv7e-m/fpu\libgcc.a
LOAD c:/program files (x86)/atollic/truestudio for arm 7.0.1/armtools/bin/../lib/gcc/arm-atollic-eabi/5.3.1/../../../../arm-atollic-eabi/lib/armv7e-m/fpu\libc.a
END GROUP
START GROUP
LOAD c:/program files (x86)/atollic/truestudio for arm 7.0.1/armtools/bin/../lib/gcc/arm-atollic-eabi/5.3.1/armv7e-m/fpu\libgcc.a
LOAD c:/program files (x86)/atollic/truestudio for arm 7.0.1/armtools/bin/../lib/gcc/arm-atollic-eabi/5.3.1/../../../../arm-atollic-eabi/lib/armv7e-m/fpu\libc.a
LOAD c:/program files (x86)/atollic/truestudio for arm 7.0.1/armtools/bin/../lib/gcc/arm-atollic-eabi/5.3.1/../../../../arm-atollic-eabi/lib/armv7e-m/fpu\libnosys.a
END GROUP
LOAD c:/program files (x86)/atollic/truestudio for arm 7.0.1/armtools/bin/../lib/gcc/arm-atollic-eabi/5.3.1/armv7e-m/fpu/crtend.o
LOAD c:/program files (x86)/atollic/truestudio for arm 7.0.1/armtools/bin/../lib/gcc/arm-atollic-eabi/5.3.1/armv7e-m/fpu/crtn.o
                0x2000c000                _estack = 0x2000c000
                0x00000200                _Min_Heap_Size = 0x200
                0x00000400                _Min_Stack_Size = 0x400

.isr_vector     0x08000000      0x18c
                0x08000000                . = ALIGN (0x4)
 *(.isr_vector)
 .isr_vector    0x08000000      0x18c startup\startup_stm32l432xx.o
                0x08000000                g_pfnVectors
                0x0800018c                . = ALIGN (0x4)

.text           0x0800018c     0x2628
                0x0800018c                . = ALIGN (0x4)
 *(.text)
 .text          0x0800018c       0x40 c:/program files (x86)/atollic/truestudio for arm 7.0.1/armtools/bin/../lib/gcc/arm-atollic-eabi/5.3.1/armv7e-m/fpu/crtbegin.o
 .text          0x080001cc       0x10 c:/program files (x86)/atollic/truestudio for arm 7.0.1/armtools/bin/../lib/gcc/arm-atollic-eabi/5.3.1/../../../../arm-atollic-eabi/lib/armv7e-m/fpu\libc.a(lib_a-strlen.o)
                0x080001cc                strlen
 .text          0x080001dc       0x30 c:/program files (x86)/atollic/truestudio for arm 7.0.1/armtools/bin/../lib/gcc/arm-atollic-eabi/5.3.1/armv7e-m/fpu\libgcc.a(_aeabi_uldivmod.o)
                0x080001dc                __aeabi_uldivmod
 .text          0x0800020c      0x2e4 c:/program files (x86)/atollic/truestudio for arm 7.0.1/armtools/bin/../lib/gcc/arm-atollic-eabi/5.3.1/armv7e-m/fpu\libgcc.a(_udivmoddi4.o)
                0x0800020c                __udivmoddi4
 .text          0x080004f0        0x4 c:/program files (x86)/atollic/truestudio for arm 7.0.1/armtools/bin/../lib/gcc/arm-atollic-eabi/5.3.1/armv7e-m/fpu\libgcc.a(_dvmd_tls.o)
                0x080004f0                __aeabi_idiv0
                0x080004f0                __aeabi_ldiv0
 *(.text*)
 .text.HAL_InitTick
                0x080004f4       0x28 Drivers\STM32L4xx_HAL_Driver\Src\stm32l4xx_hal.o
                0x080004f4                HAL_InitTick
 .text.HAL_Init
                0x0800051c       0x16 Drivers\STM32L4xx_HAL_Driver\Src\stm32l4xx_hal.o
                0x0800051c                HAL_Init
 *fill*         0x08000532        0x2 
 .text.HAL_IncTick
                0x08000534       0x10 Drivers\STM32L4xx_HAL_Driver\Src\stm32l4xx_hal.o
                0x08000534                HAL_IncTick
 .text.HAL_GetTick
                0x08000544        0xc Drivers\STM32L4xx_HAL_Driver\Src\stm32l4xx_hal.o
                0x08000544                HAL_GetTick
 .text.HAL_Delay
                0x08000550       0x16 Drivers\STM32L4xx_HAL_Driver\Src\stm32l4xx_hal.o
                0x08000550                HAL_Delay
 *fill*         0x08000566        0x2 
 .text.HAL_NVIC_SetPriorityGrouping
                0x08000568       0x24 Drivers\STM32L4xx_HAL_Driver\Src\stm32l4xx_hal_cortex.o
                0x08000568                HAL_NVIC_SetPriorityGrouping
 .text.HAL_NVIC_SetPriority
                0x0800058c       0x68 Drivers\STM32L4xx_HAL_Driver\Src\stm32l4xx_hal_cortex.o
                0x0800058c                HAL_NVIC_SetPriority
 .text.HAL_SYSTICK_Config
                0x080005f4       0x2c Drivers\STM32L4xx_HAL_Driver\Src\stm32l4xx_hal_cortex.o
                0x080005f4                HAL_SYSTICK_Config
 .text.HAL_SYSTICK_CLKSourceConfig
                0x08000620       0x18 Drivers\STM32L4xx_HAL_Driver\Src\stm32l4xx_hal_cortex.o
                0x08000620                HAL_SYSTICK_CLKSourceConfig
 .text.HAL_SYSTICK_Callback
                0x08000638        0x2 Drivers\STM32L4xx_HAL_Driver\Src\stm32l4xx_hal_cortex.o
                0x08000638                HAL_SYSTICK_Callback
 .text.HAL_SYSTICK_IRQHandler
                0x0800063a        0x8 Drivers\STM32L4xx_HAL_Driver\Src\stm32l4xx_hal_cortex.o
                0x0800063a                HAL_SYSTICK_IRQHandler
 *fill*         0x08000642        0x2 
 .text.HAL_GPIO_Init
                0x08000644      0x178 Drivers\STM32L4xx_HAL_Driver\Src\stm32l4xx_hal_gpio.o
                0x08000644                HAL_GPIO_Init
 .text.HAL_GPIO_ReadPin
                0x080007bc        0xc Drivers\STM32L4xx_HAL_Driver\Src\stm32l4xx_hal_gpio.o
                0x080007bc                HAL_GPIO_ReadPin
 .text.HAL_GPIO_WritePin
                0x080007c8        0xa Drivers\STM32L4xx_HAL_Driver\Src\stm32l4xx_hal_gpio.o
                0x080007c8                HAL_GPIO_WritePin
 *fill*         0x080007d2        0x2 
 .text.HAL_PWREx_GetVoltageRange
                0x080007d4       0x10 Drivers\STM32L4xx_HAL_Driver\Src\stm32l4xx_hal_pwr_ex.o
                0x080007d4                HAL_PWREx_GetVoltageRange
 .text.HAL_PWREx_ControlVoltageScaling
                0x080007e4       0x6c Drivers\STM32L4xx_HAL_Driver\Src\stm32l4xx_hal_pwr_ex.o
                0x080007e4                HAL_PWREx_ControlVoltageScaling
 .text.RCC_SetFlashLatencyFromMSIRange
                0x08000850       0x84 Drivers\STM32L4xx_HAL_Driver\Src\stm32l4xx_hal_rcc.o
 .text.HAL_RCC_GetSysClockFreq
                0x080008d4      0x13c Drivers\STM32L4xx_HAL_Driver\Src\stm32l4xx_hal_rcc.o
                0x080008d4                HAL_RCC_GetSysClockFreq
 .text.HAL_RCC_OscConfig
                0x08000a10      0x4e4 Drivers\STM32L4xx_HAL_Driver\Src\stm32l4xx_hal_rcc.o
                0x08000a10                HAL_RCC_OscConfig
 .text.HAL_RCC_ClockConfig
                0x08000ef4      0x170 Drivers\STM32L4xx_HAL_Driver\Src\stm32l4xx_hal_rcc.o
                0x08000ef4                HAL_RCC_ClockConfig
 .text.HAL_RCC_GetHCLKFreq
                0x08001064        0xc Drivers\STM32L4xx_HAL_Driver\Src\stm32l4xx_hal_rcc.o
                0x08001064                HAL_RCC_GetHCLKFreq
 .text.HAL_RCC_GetPCLK1Freq
                0x08001070       0x30 Drivers\STM32L4xx_HAL_Driver\Src\stm32l4xx_hal_rcc.o
                0x08001070                HAL_RCC_GetPCLK1Freq
 .text.HAL_RCC_GetPCLK2Freq
                0x080010a0       0x30 Drivers\STM32L4xx_HAL_Driver\Src\stm32l4xx_hal_rcc.o
                0x080010a0                HAL_RCC_GetPCLK2Freq
 .text.RCCEx_PLLSAI1_Config
                0x080010d0      0x170 Drivers\STM32L4xx_HAL_Driver\Src\stm32l4xx_hal_rcc_ex.o
 .text.HAL_RCCEx_PeriphCLKConfig
                0x08001240      0x284 Drivers\STM32L4xx_HAL_Driver\Src\stm32l4xx_hal_rcc_ex.o
                0x08001240                HAL_RCCEx_PeriphCLKConfig
 .text.SPI_WaitFlagStateUntilTimeout.part.1
                0x080014c4       0x52 Drivers\STM32L4xx_HAL_Driver\Src\stm32l4xx_hal_spi.o
 .text.SPI_WaitFifoStateUntilTimeout.constprop.10
                0x08001516       0x42 Drivers\STM32L4xx_HAL_Driver\Src\stm32l4xx_hal_spi.o
 .text.SPI_WaitFlagStateUntilTimeout.constprop.11
                0x08001558       0x32 Drivers\STM32L4xx_HAL_Driver\Src\stm32l4xx_hal_spi.o
 .text.SPI_EndRxTxTransaction
                0x0800158a       0x2e Drivers\STM32L4xx_HAL_Driver\Src\stm32l4xx_hal_spi.o
 .text.HAL_SPI_Init
                0x080015b8       0xa4 Drivers\STM32L4xx_HAL_Driver\Src\stm32l4xx_hal_spi.o
                0x080015b8                HAL_SPI_Init
 .text.HAL_SPI_Transmit
                0x0800165c      0x180 Drivers\STM32L4xx_HAL_Driver\Src\stm32l4xx_hal_spi.o
                0x0800165c                HAL_SPI_Transmit
 .text.HAL_SPI_GetState
                0x080017dc        0x6 Drivers\STM32L4xx_HAL_Driver\Src\stm32l4xx_hal_spi.o
                0x080017dc                HAL_SPI_GetState
 *fill*         0x080017e2        0x2 
 .text.UART_SetConfig
                0x080017e4      0x234 Drivers\STM32L4xx_HAL_Driver\Src\stm32l4xx_hal_uart.o
                0x080017e4                UART_SetConfig
 .text.UART_AdvFeatureConfig
                0x08001a18       0xa8 Drivers\STM32L4xx_HAL_Driver\Src\stm32l4xx_hal_uart.o
                0x08001a18                UART_AdvFeatureConfig
 .text.UART_WaitOnFlagUntilTimeout
                0x08001ac0       0x62 Drivers\STM32L4xx_HAL_Driver\Src\stm32l4xx_hal_uart.o
                0x08001ac0                UART_WaitOnFlagUntilTimeout
 .text.UART_CheckIdleState
                0x08001b22       0x68 Drivers\STM32L4xx_HAL_Driver\Src\stm32l4xx_hal_uart.o
                0x08001b22                UART_CheckIdleState
 .text.HAL_UART_Init
                0x08001b8a       0x64 Drivers\STM32L4xx_HAL_Driver\Src\stm32l4xx_hal_uart.o
                0x08001b8a                HAL_UART_Init
 *fill*         0x08001bee        0x2 
 .text.PChar    0x08001bf0      0x180 Src\GFXC.o
                0x08001bf0                PChar
 .text.PStr     0x08001d70       0xa0 Src\GFXC.o
                0x08001d70                PStr
 .text.SB       0x08001e10       0x40 Src\ILI9163.o
                0x08001e10                SB
 .text.SW       0x08001e50       0x60 Src\ILI9163.o
                0x08001e50                SW
 .text.SetAddr  0x08001eb0       0x6e Src\ILI9163.o
                0x08001eb0                SetAddr
 .text.SetScrn  0x08001f1e       0x2e Src\ILI9163.o
                0x08001f1e                SetScrn
 .text.ClrScrn  0x08001f4c        0x8 Src\ILI9163.o
                0x08001f4c                ClrScrn
 .text.WritePix
                0x08001f54       0x1c Src\ILI9163.o
                0x08001f54                WritePix
 .text.SleepMode
                0x08001f70       0x1a Src\ILI9163.o
                0x08001f70                SleepMode
 .text.InvMode  0x08001f8a        0xe Src\ILI9163.o
                0x08001f8a                InvMode
 .text.ILI9163Init
                0x08001f98      0x104 Src\ILI9163.o
                0x08001f98                ILI9163Init
 .text.deBounceInit
                0x0800209c       0xb8 Src\debounce.o
                0x0800209c                deBounceInit
 .text.deBounceReadPin
                0x08002154       0xf4 Src\debounce.o
                0x08002154                deBounceReadPin
 .text.SystemClock_Config
                0x08002248       0x8c Src\main.o
                0x08002248                SystemClock_Config
 .text.startup.main
                0x080022d4      0x29c Src\main.o
                0x080022d4                main
 .text.HAL_MspInit
                0x08002570       0x8c Src\stm32l4xx_hal_msp.o
                0x08002570                HAL_MspInit
 .text.HAL_SPI_MspInit
                0x080025fc       0x48 Src\stm32l4xx_hal_msp.o
                0x080025fc                HAL_SPI_MspInit
 .text.HAL_UART_MspInit
                0x08002644       0x60 Src\stm32l4xx_hal_msp.o
                0x08002644                HAL_UART_MspInit
 .text.SysTick_Handler
                0x080026a4        0xe Src\stm32l4xx_it.o
                0x080026a4                SysTick_Handler
 *fill*         0x080026b2        0x2 
 .text.SystemInit
                0x080026b4       0x48 Src\system_stm32l4xx.o
                0x080026b4                SystemInit
 .text.Reset_Handler
                0x080026fc       0x50 startup\startup_stm32l432xx.o
                0x080026fc                Reset_Handler
 .text.Default_Handler
                0x0800274c        0x2 startup\startup_stm32l432xx.o
                0x0800274c                RTC_Alarm_IRQHandler
                0x0800274c                EXTI2_IRQHandler
                0x0800274c                DebugMon_Handler
                0x0800274c                TIM1_CC_IRQHandler
                0x0800274c                TSC_IRQHandler
                0x0800274c                HardFault_Handler
                0x0800274c                TAMP_STAMP_IRQHandler
                0x0800274c                PendSV_Handler
                0x0800274c                NMI_Handler
                0x0800274c                EXTI3_IRQHandler
                0x0800274c                LPTIM2_IRQHandler
                0x0800274c                I2C3_ER_IRQHandler
                0x0800274c                EXTI0_IRQHandler
                0x0800274c                CAN1_RX0_IRQHandler
                0x0800274c                FPU_IRQHandler
                0x0800274c                TIM1_UP_TIM16_IRQHandler
                0x0800274c                UsageFault_Handler
                0x0800274c                SPI1_IRQHandler
                0x0800274c                TIM6_DAC_IRQHandler
                0x0800274c                DMA2_Channel2_IRQHandler
                0x0800274c                DMA1_Channel4_IRQHandler
                0x0800274c                ADC1_IRQHandler
                0x0800274c                DMA1_Channel7_IRQHandler
                0x0800274c                CAN1_RX1_IRQHandler
                0x0800274c                DMA2_Channel1_IRQHandler
                0x0800274c                QUADSPI_IRQHandler
                0x0800274c                I2C1_EV_IRQHandler
                0x0800274c                DMA1_Channel6_IRQHandler
                0x0800274c                DMA2_Channel4_IRQHandler
                0x0800274c                RCC_IRQHandler
                0x0800274c                TIM1_TRG_COM_IRQHandler
                0x0800274c                DMA1_Channel1_IRQHandler
                0x0800274c                Default_Handler
                0x0800274c                DMA2_Channel7_IRQHandler
                0x0800274c                EXTI15_10_IRQHandler
                0x0800274c                TIM7_IRQHandler
                0x0800274c                I2C3_EV_IRQHandler
                0x0800274c                USB_IRQHandler
                0x0800274c                EXTI9_5_IRQHandler
                0x0800274c                RTC_WKUP_IRQHandler
                0x0800274c                PVD_PVM_IRQHandler
                0x0800274c                MemManage_Handler
                0x0800274c                CAN1_TX_IRQHandler
                0x0800274c                SVC_Handler
                0x0800274c                DMA2_Channel5_IRQHandler
                0x0800274c                CRS_IRQHandler
                0x0800274c                DMA1_Channel5_IRQHandler
                0x0800274c                EXTI4_IRQHandler
                0x0800274c                RNG_IRQHandler
                0x0800274c                DMA1_Channel3_IRQHandler
                0x0800274c                COMP_IRQHandler
                0x0800274c                WWDG_IRQHandler
                0x0800274c                LPUART1_IRQHandler
                0x0800274c                DMA2_Channel6_IRQHandler
                0x0800274c                TIM2_IRQHandler
                0x0800274c                EXTI1_IRQHandler
                0x0800274c                USART2_IRQHandler
                0x0800274c                DMA1_Channel2_IRQHandler
                0x0800274c                CAN1_SCE_IRQHandler
                0x0800274c                FLASH_IRQHandler
                0x0800274c                BusFault_Handler
                0x0800274c                USART1_IRQHandler
                0x0800274c                SPI3_IRQHandler
                0x0800274c                I2C1_ER_IRQHandler
                0x0800274c                SWPMI1_IRQHandler
                0x0800274c                LPTIM1_IRQHandler
                0x0800274c                SAI1_IRQHandler
                0x0800274c                DMA2_Channel3_IRQHandler
                0x0800274c                TIM1_BRK_TIM15_IRQHandler
 *fill*         0x0800274e        0x2 
 .text.__libc_init_array
                0x08002750       0x4c c:/program files (x86)/atollic/truestudio for arm 7.0.1/armtools/bin/../lib/gcc/arm-atollic-eabi/5.3.1/../../../../arm-atollic-eabi/lib/armv7e-m/fpu\libc.a(lib_a-init.o)
                0x08002750                __libc_init_array
 *(.glue_7)
 .glue_7        0x0800279c        0x0 linker stubs
 *(.glue_7t)
 .glue_7t       0x0800279c        0x0 linker stubs
 *(.eh_frame)
 .eh_frame      0x0800279c        0x0 c:/program files (x86)/atollic/truestudio for arm 7.0.1/armtools/bin/../lib/gcc/arm-atollic-eabi/5.3.1/armv7e-m/fpu/crtbegin.o
 *(.init)
 .init          0x0800279c        0x4 c:/program files (x86)/atollic/truestudio for arm 7.0.1/armtools/bin/../lib/gcc/arm-atollic-eabi/5.3.1/armv7e-m/fpu/crti.o
                0x0800279c                _init
 .init          0x080027a0        0x8 c:/program files (x86)/atollic/truestudio for arm 7.0.1/armtools/bin/../lib/gcc/arm-atollic-eabi/5.3.1/armv7e-m/fpu/crtn.o
 *(.fini)
 .fini          0x080027a8        0x4 c:/program files (x86)/atollic/truestudio for arm 7.0.1/armtools/bin/../lib/gcc/arm-atollic-eabi/5.3.1/armv7e-m/fpu/crti.o
                0x080027a8                _fini
 .fini          0x080027ac        0x8 c:/program files (x86)/atollic/truestudio for arm 7.0.1/armtools/bin/../lib/gcc/arm-atollic-eabi/5.3.1/armv7e-m/fpu/crtn.o
                0x080027b4                . = ALIGN (0x4)
                0x080027b4                _etext = .

.vfp11_veneer   0x080027b4        0x0
 .vfp11_veneer  0x080027b4        0x0 linker stubs

.v4_bx          0x080027b4        0x0
 .v4_bx         0x080027b4        0x0 linker stubs

.iplt           0x080027b4        0x0
 .iplt          0x080027b4        0x0 c:/program files (x86)/atollic/truestudio for arm 7.0.1/armtools/bin/../lib/gcc/arm-atollic-eabi/5.3.1/armv7e-m/fpu/crtbegin.o

.rodata         0x080027b4    0x20254
                0x080027b4                . = ALIGN (0x4)
 *(.rodata)
 *(.rodata*)
 .rodata.CSWTCH.50
                0x080027b4        0x4 Drivers\STM32L4xx_HAL_Driver\Src\stm32l4xx_hal_uart.o
 .rodata.CSWTCH.51
                0x080027b8        0xd Drivers\STM32L4xx_HAL_Driver\Src\stm32l4xx_hal_uart.o
 .rodata.Chars  0x080027c5      0x1e5 Src\GFXC.o
                0x080027c5                Chars
 .rodata.conestoga.9170
                0x080029aa     0x8000 Src\main.o
 .rodata.str1.1
                0x0800a9aa       0x15 Src\main.o
 *fill*         0x0800a9bf        0x1 
 .rodata.smiley.9197
                0x0800a9c0     0x8000 Src\main.o
 .rodata.logo.9179
                0x080129c0     0x8000 Src\main.o
 .rodata.group_image.9188
                0x0801a9c0     0x8000 Src\main.o
 .rodata.AHBPrescTable
                0x080229c0       0x10 Src\system_stm32l4xx.o
                0x080229c0                AHBPrescTable
 .rodata.APBPrescTable
                0x080229d0        0x8 Src\system_stm32l4xx.o
                0x080229d0                APBPrescTable
 .rodata.MSIRangeTable
                0x080229d8       0x30 Src\system_stm32l4xx.o
                0x080229d8                MSIRangeTable
                0x08022a08                . = ALIGN (0x4)

.ARM.extab
 *(.ARM.extab* .gnu.linkonce.armextab.*)

.ARM            0x08022a08        0x8
                0x08022a08                __exidx_start = .
 *(.ARM.exidx*)
 .ARM.exidx     0x08022a08        0x8 c:/program files (x86)/atollic/truestudio for arm 7.0.1/armtools/bin/../lib/gcc/arm-atollic-eabi/5.3.1/armv7e-m/fpu\libgcc.a(_udivmoddi4.o)
                0x08022a10                __exidx_end = .

.rel.dyn        0x08022a10        0x0
 .rel.iplt      0x08022a10        0x0 c:/program files (x86)/atollic/truestudio for arm 7.0.1/armtools/bin/../lib/gcc/arm-atollic-eabi/5.3.1/armv7e-m/fpu/crtbegin.o

.preinit_array  0x08022a10        0x0
                0x08022a10                PROVIDE (__preinit_array_start, .)
 *(.preinit_array*)
                0x08022a10                PROVIDE (__preinit_array_end, .)

.init_array     0x08022a10        0x4
                0x08022a10                PROVIDE (__init_array_start, .)
 *(SORT(.init_array.*))
 *(.init_array*)
 .init_array    0x08022a10        0x4 c:/program files (x86)/atollic/truestudio for arm 7.0.1/armtools/bin/../lib/gcc/arm-atollic-eabi/5.3.1/armv7e-m/fpu/crtbegin.o
                0x08022a14                PROVIDE (__init_array_end, .)

.fini_array     0x08022a14        0x4
                [!provide]                PROVIDE (__fini_array_start, .)
 *(SORT(.fini_array.*))
 *(.fini_array*)
 .fini_array    0x08022a14        0x4 c:/program files (x86)/atollic/truestudio for arm 7.0.1/armtools/bin/../lib/gcc/arm-atollic-eabi/5.3.1/armv7e-m/fpu/crtbegin.o
                [!provide]                PROVIDE (__fini_array_end, .)
                0x08022a18                _sidata = LOADADDR (.data)

.data           0x20000000        0x4 load address 0x08022a18
                0x20000000                . = ALIGN (0x4)
                0x20000000                _sdata = .
 *(.data)
 *(.data*)
 .data.SystemCoreClock
                0x20000000        0x4 Src\system_stm32l4xx.o
                0x20000000                SystemCoreClock
                0x20000004                . = ALIGN (0x4)
                0x20000004                _edata = .

.igot.plt       0x20000004        0x0 load address 0x08022a1c
 .igot.plt      0x20000004        0x0 c:/program files (x86)/atollic/truestudio for arm 7.0.1/armtools/bin/../lib/gcc/arm-atollic-eabi/5.3.1/armv7e-m/fpu/crtbegin.o
                0x20000004                . = ALIGN (0x4)

.bss            0x20000004       0xf8 load address 0x08022a1c
                0x20000004                _sbss = .
                0x20000004                __bss_start__ = _sbss
 *(.bss)
 .bss           0x20000004       0x1c c:/program files (x86)/atollic/truestudio for arm 7.0.1/armtools/bin/../lib/gcc/arm-atollic-eabi/5.3.1/armv7e-m/fpu/crtbegin.o
 *(.bss*)
 *(COMMON)
 COMMON         0x20000020        0x4 Drivers\STM32L4xx_HAL_Driver\Src\stm32l4xx_hal.o
                0x20000020                uwTick
 COMMON         0x20000024       0xd8 Src\main.o
                0x20000024                bit
                0x20000028                hspi1
                0x2000008c                huart2
                0x200000fc                . = ALIGN (0x4)
                0x200000fc                _ebss = .
                0x200000fc                __bss_end__ = _ebss

._user_heap_stack
                0x200000fc      0x600 load address 0x08022a1c
                0x200000fc                . = ALIGN (0x4)
                0x200000fc                PROVIDE (end, .)
                [!provide]                PROVIDE (_end, .)
                0x200002fc                . = (. + _Min_Heap_Size)
 *fill*         0x200000fc      0x200 
                0x200006fc                . = (. + _Min_Stack_Size)
 *fill*         0x200002fc      0x400 
                0x200006fc                . = ALIGN (0x4)

/DISCARD/
 libc.a(*)
 libm.a(*)
 libgcc.a(*)

.ARM.attributes
                0x00000000       0x30
 *(.ARM.attributes)
 .ARM.attributes
                0x00000000       0x22 c:/program files (x86)/atollic/truestudio for arm 7.0.1/armtools/bin/../lib/gcc/arm-atollic-eabi/5.3.1/armv7e-m/fpu/crti.o
 .ARM.attributes
                0x00000022       0x34 c:/program files (x86)/atollic/truestudio for arm 7.0.1/armtools/bin/../lib/gcc/arm-atollic-eabi/5.3.1/armv7e-m/fpu/crtbegin.o
 .ARM.attributes
                0x00000056       0x39 Drivers\STM32L4xx_HAL_Driver\Src\stm32l4xx_hal.o
 .ARM.attributes
                0x0000008f       0x39 Drivers\STM32L4xx_HAL_Driver\Src\stm32l4xx_hal_cortex.o
 .ARM.attributes
                0x000000c8       0x39 Drivers\STM32L4xx_HAL_Driver\Src\stm32l4xx_hal_gpio.o
 .ARM.attributes
                0x00000101       0x39 Drivers\STM32L4xx_HAL_Driver\Src\stm32l4xx_hal_pwr_ex.o
 .ARM.attributes
                0x0000013a       0x39 Drivers\STM32L4xx_HAL_Driver\Src\stm32l4xx_hal_rcc.o
 .ARM.attributes
                0x00000173       0x39 Drivers\STM32L4xx_HAL_Driver\Src\stm32l4xx_hal_rcc_ex.o
 .ARM.attributes
                0x000001ac       0x39 Drivers\STM32L4xx_HAL_Driver\Src\stm32l4xx_hal_spi.o
 .ARM.attributes
                0x000001e5       0x39 Drivers\STM32L4xx_HAL_Driver\Src\stm32l4xx_hal_uart.o
 .ARM.attributes
                0x0000021e       0x39 Src\GFXC.o
 .ARM.attributes
                0x00000257       0x39 Src\ILI9163.o
 .ARM.attributes
                0x00000290       0x39 Src\debounce.o
 .ARM.attributes
                0x000002c9       0x39 Src\main.o
 .ARM.attributes
                0x00000302       0x39 Src\stm32l4xx_hal_msp.o
 .ARM.attributes
                0x0000033b       0x39 Src\stm32l4xx_it.o
 .ARM.attributes
                0x00000374       0x39 Src\system_stm32l4xx.o
 .ARM.attributes
                0x000003ad       0x21 startup\startup_stm32l432xx.o
 .ARM.attributes
                0x000003ce       0x34 c:/program files (x86)/atollic/truestudio for arm 7.0.1/armtools/bin/../lib/gcc/arm-atollic-eabi/5.3.1/../../../../arm-atollic-eabi/lib/armv7e-m/fpu\libc.a(lib_a-init.o)
 .ARM.attributes
                0x00000402       0x1b c:/program files (x86)/atollic/truestudio for arm 7.0.1/armtools/bin/../lib/gcc/arm-atollic-eabi/5.3.1/../../../../arm-atollic-eabi/lib/armv7e-m/fpu\libc.a(lib_a-strlen.o)
 .ARM.attributes
                0x0000041d       0x22 c:/program files (x86)/atollic/truestudio for arm 7.0.1/armtools/bin/../lib/gcc/arm-atollic-eabi/5.3.1/armv7e-m/fpu\libgcc.a(_aeabi_uldivmod.o)
 .ARM.attributes
                0x0000043f       0x34 c:/program files (x86)/atollic/truestudio for arm 7.0.1/armtools/bin/../lib/gcc/arm-atollic-eabi/5.3.1/armv7e-m/fpu\libgcc.a(_udivmoddi4.o)
 .ARM.attributes
                0x00000473       0x22 c:/program files (x86)/atollic/truestudio for arm 7.0.1/armtools/bin/../lib/gcc/arm-atollic-eabi/5.3.1/armv7e-m/fpu\libgcc.a(_dvmd_tls.o)
 .ARM.attributes
                0x00000495       0x22 c:/program files (x86)/atollic/truestudio for arm 7.0.1/armtools/bin/../lib/gcc/arm-atollic-eabi/5.3.1/armv7e-m/fpu/crtn.o
OUTPUT(VCP Template.elf elf32-littlearm)

.debug_info     0x00000000     0xdfb4
 .debug_info    0x00000000      0x8b3 Drivers\STM32L4xx_HAL_Driver\Src\stm32l4xx_hal.o
 .debug_info    0x000008b3      0xe07 Drivers\STM32L4xx_HAL_Driver\Src\stm32l4xx_hal_cortex.o
 .debug_info    0x000016ba      0x7eb Drivers\STM32L4xx_HAL_Driver\Src\stm32l4xx_hal_gpio.o
 .debug_info    0x00001ea5      0x98d Drivers\STM32L4xx_HAL_Driver\Src\stm32l4xx_hal_pwr_ex.o
 .debug_info    0x00002832     0x10e5 Drivers\STM32L4xx_HAL_Driver\Src\stm32l4xx_hal_rcc.o
 .debug_info    0x00003917     0x1506 Drivers\STM32L4xx_HAL_Driver\Src\stm32l4xx_hal_rcc_ex.o
 .debug_info    0x00004e1d     0x1e37 Drivers\STM32L4xx_HAL_Driver\Src\stm32l4xx_hal_spi.o
 .debug_info    0x00006c54     0x19d8 Drivers\STM32L4xx_HAL_Driver\Src\stm32l4xx_hal_uart.o
 .debug_info    0x0000862c     0x1781 Src\GFXC.o
 .debug_info    0x00009dad      0xeca Src\ILI9163.o
 .debug_info    0x0000ac77      0x36b Src\debounce.o
 .debug_info    0x0000afe2     0x1866 Src\main.o
 .debug_info    0x0000c848     0x1009 Src\stm32l4xx_hal_msp.o
 .debug_info    0x0000d851       0xe8 Src\stm32l4xx_it.o
 .debug_info    0x0000d939      0x5bb Src\system_stm32l4xx.o
 .debug_info    0x0000def4       0xc0 startup\startup_stm32l432xx.o

.debug_abbrev   0x00000000     0x2334
 .debug_abbrev  0x00000000      0x1ef Drivers\STM32L4xx_HAL_Driver\Src\stm32l4xx_hal.o
 .debug_abbrev  0x000001ef      0x313 Drivers\STM32L4xx_HAL_Driver\Src\stm32l4xx_hal_cortex.o
 .debug_abbrev  0x00000502      0x1c8 Drivers\STM32L4xx_HAL_Driver\Src\stm32l4xx_hal_gpio.o
 .debug_abbrev  0x000006ca      0x25c Drivers\STM32L4xx_HAL_Driver\Src\stm32l4xx_hal_pwr_ex.o
 .debug_abbrev  0x00000926      0x2ca Drivers\STM32L4xx_HAL_Driver\Src\stm32l4xx_hal_rcc.o
 .debug_abbrev  0x00000bf0      0x2f4 Drivers\STM32L4xx_HAL_Driver\Src\stm32l4xx_hal_rcc_ex.o
 .debug_abbrev  0x00000ee4      0x304 Drivers\STM32L4xx_HAL_Driver\Src\stm32l4xx_hal_spi.o
 .debug_abbrev  0x000011e8      0x333 Drivers\STM32L4xx_HAL_Driver\Src\stm32l4xx_hal_uart.o
 .debug_abbrev  0x0000151b      0x3ac Src\GFXC.o
 .debug_abbrev  0x000018c7      0x29d Src\ILI9163.o
 .debug_abbrev  0x00001b64      0x181 Src\debounce.o
 .debug_abbrev  0x00001ce5      0x2f0 Src\main.o
 .debug_abbrev  0x00001fd5      0x198 Src\stm32l4xx_hal_msp.o
 .debug_abbrev  0x0000216d       0x93 Src\stm32l4xx_it.o
 .debug_abbrev  0x00002200      0x122 Src\system_stm32l4xx.o
 .debug_abbrev  0x00002322       0x12 startup\startup_stm32l432xx.o

.debug_loc      0x00000000     0x7317
 .debug_loc     0x00000000       0x69 Drivers\STM32L4xx_HAL_Driver\Src\stm32l4xx_hal.o
 .debug_loc     0x00000069      0x4ab Drivers\STM32L4xx_HAL_Driver\Src\stm32l4xx_hal_cortex.o
 .debug_loc     0x00000514      0x2a5 Drivers\STM32L4xx_HAL_Driver\Src\stm32l4xx_hal_gpio.o
 .debug_loc     0x000007b9      0x412 Drivers\STM32L4xx_HAL_Driver\Src\stm32l4xx_hal_pwr_ex.o
 .debug_loc     0x00000bcb      0x6d5 Drivers\STM32L4xx_HAL_Driver\Src\stm32l4xx_hal_rcc.o
 .debug_loc     0x000012a0      0xe62 Drivers\STM32L4xx_HAL_Driver\Src\stm32l4xx_hal_rcc_ex.o
 .debug_loc     0x00002102     0x1a94 Drivers\STM32L4xx_HAL_Driver\Src\stm32l4xx_hal_spi.o
 .debug_loc     0x00003b96     0x1675 Drivers\STM32L4xx_HAL_Driver\Src\stm32l4xx_hal_uart.o
 .debug_loc     0x0000520b     0x1796 Src\GFXC.o
 .debug_loc     0x000069a1      0x326 Src\ILI9163.o
 .debug_loc     0x00006cc7      0x2f8 Src\debounce.o
 .debug_loc     0x00006fbf      0x147 Src\main.o
 .debug_loc     0x00007106       0x9a Src\stm32l4xx_hal_msp.o
 .debug_loc     0x000071a0      0x177 Src\system_stm32l4xx.o

.debug_aranges  0x00000000      0x9a8
 .debug_aranges
                0x00000000       0xd0 Drivers\STM32L4xx_HAL_Driver\Src\stm32l4xx_hal.o
 .debug_aranges
                0x000000d0       0x98 Drivers\STM32L4xx_HAL_Driver\Src\stm32l4xx_hal_cortex.o
 .debug_aranges
                0x00000168       0x58 Drivers\STM32L4xx_HAL_Driver\Src\stm32l4xx_hal_gpio.o
 .debug_aranges
                0x000001c0      0x100 Drivers\STM32L4xx_HAL_Driver\Src\stm32l4xx_hal_pwr_ex.o
 .debug_aranges
                0x000002c0       0x88 Drivers\STM32L4xx_HAL_Driver\Src\stm32l4xx_hal_rcc.o
 .debug_aranges
                0x00000348       0xd0 Drivers\STM32L4xx_HAL_Driver\Src\stm32l4xx_hal_rcc_ex.o
 .debug_aranges
                0x00000418      0x198 Drivers\STM32L4xx_HAL_Driver\Src\stm32l4xx_hal_spi.o
 .debug_aranges
                0x000005b0      0x188 Drivers\STM32L4xx_HAL_Driver\Src\stm32l4xx_hal_uart.o
 .debug_aranges
                0x00000738       0xf0 Src\GFXC.o
 .debug_aranges
                0x00000828       0x70 Src\ILI9163.o
 .debug_aranges
                0x00000898       0x28 Src\debounce.o
 .debug_aranges
                0x000008c0       0x38 Src\main.o
 .debug_aranges
                0x000008f8       0x40 Src\stm32l4xx_hal_msp.o
 .debug_aranges
                0x00000938       0x20 Src\stm32l4xx_it.o
 .debug_aranges
                0x00000958       0x28 Src\system_stm32l4xx.o
 .debug_aranges
                0x00000980       0x28 startup\startup_stm32l432xx.o

.debug_ranges   0x00000000      0xc88
 .debug_ranges  0x00000000       0xc0 Drivers\STM32L4xx_HAL_Driver\Src\stm32l4xx_hal.o
 .debug_ranges  0x000000c0      0x148 Drivers\STM32L4xx_HAL_Driver\Src\stm32l4xx_hal_cortex.o
 .debug_ranges  0x00000208       0x60 Drivers\STM32L4xx_HAL_Driver\Src\stm32l4xx_hal_gpio.o
 .debug_ranges  0x00000268       0xf0 Drivers\STM32L4xx_HAL_Driver\Src\stm32l4xx_hal_pwr_ex.o
 .debug_ranges  0x00000358       0xc0 Drivers\STM32L4xx_HAL_Driver\Src\stm32l4xx_hal_rcc.o
 .debug_ranges  0x00000418      0x1c8 Drivers\STM32L4xx_HAL_Driver\Src\stm32l4xx_hal_rcc_ex.o
 .debug_ranges  0x000005e0      0x218 Drivers\STM32L4xx_HAL_Driver\Src\stm32l4xx_hal_spi.o
 .debug_ranges  0x000007f8      0x178 Drivers\STM32L4xx_HAL_Driver\Src\stm32l4xx_hal_uart.o
 .debug_ranges  0x00000970      0x168 Src\GFXC.o
 .debug_ranges  0x00000ad8       0x78 Src\ILI9163.o
 .debug_ranges  0x00000b50       0x18 Src\debounce.o
 .debug_ranges  0x00000b68       0x40 Src\main.o
 .debug_ranges  0x00000ba8       0x98 Src\stm32l4xx_hal_msp.o
 .debug_ranges  0x00000c40       0x10 Src\stm32l4xx_it.o
 .debug_ranges  0x00000c50       0x18 Src\system_stm32l4xx.o
 .debug_ranges  0x00000c68       0x20 startup\startup_stm32l432xx.o

.debug_line     0x00000000     0x4d9d
 .debug_line    0x00000000      0x3bd Drivers\STM32L4xx_HAL_Driver\Src\stm32l4xx_hal.o
 .debug_line    0x000003bd      0x3f2 Drivers\STM32L4xx_HAL_Driver\Src\stm32l4xx_hal_cortex.o
 .debug_line    0x000007af      0x38f Drivers\STM32L4xx_HAL_Driver\Src\stm32l4xx_hal_gpio.o
 .debug_line    0x00000b3e      0x50f Drivers\STM32L4xx_HAL_Driver\Src\stm32l4xx_hal_pwr_ex.o
 .debug_line    0x0000104d      0x66d Drivers\STM32L4xx_HAL_Driver\Src\stm32l4xx_hal_rcc.o
 .debug_line    0x000016ba      0x831 Drivers\STM32L4xx_HAL_Driver\Src\stm32l4xx_hal_rcc_ex.o
 .debug_line    0x00001eeb      0xbd9 Drivers\STM32L4xx_HAL_Driver\Src\stm32l4xx_hal_spi.o
 .debug_line    0x00002ac4      0xc25 Drivers\STM32L4xx_HAL_Driver\Src\stm32l4xx_hal_uart.o
 .debug_line    0x000036e9      0x646 Src\GFXC.o
 .debug_line    0x00003d2f      0x355 Src\ILI9163.o
 .debug_line    0x00004084      0x227 Src\debounce.o
 .debug_line    0x000042ab      0x423 Src\main.o
 .debug_line    0x000046ce      0x2ca Src\stm32l4xx_hal_msp.o
 .debug_line    0x00004998      0x1a1 Src\stm32l4xx_it.o
 .debug_line    0x00004b39      0x1e5 Src\system_stm32l4xx.o
 .debug_line    0x00004d1e       0x7f startup\startup_stm32l432xx.o

.debug_str      0x00000000     0x32e7
 .debug_str     0x00000000      0xa3e Drivers\STM32L4xx_HAL_Driver\Src\stm32l4xx_hal.o
                                0xaa5 (size before relaxing)
 .debug_str     0x00000a3e      0x38c Drivers\STM32L4xx_HAL_Driver\Src\stm32l4xx_hal_cortex.o
                                0xb2a (size before relaxing)
 .debug_str     0x00000dca      0x1d5 Drivers\STM32L4xx_HAL_Driver\Src\stm32l4xx_hal_gpio.o
                                0x5be (size before relaxing)
 .debug_str     0x00000f9f      0x454 Drivers\STM32L4xx_HAL_Driver\Src\stm32l4xx_hal_pwr_ex.o
                                0x7a4 (size before relaxing)
 .debug_str     0x000013f3      0x3b4 Drivers\STM32L4xx_HAL_Driver\Src\stm32l4xx_hal_rcc.o
                                0x897 (size before relaxing)
 .debug_str     0x000017a7      0x5b0 Drivers\STM32L4xx_HAL_Driver\Src\stm32l4xx_hal_rcc_ex.o
                                0xb4b (size before relaxing)
 .debug_str     0x00001d57      0x822 Drivers\STM32L4xx_HAL_Driver\Src\stm32l4xx_hal_spi.o
                                0xb17 (size before relaxing)
 .debug_str     0x00002579      0x818 Drivers\STM32L4xx_HAL_Driver\Src\stm32l4xx_hal_uart.o
                                0xf08 (size before relaxing)
 .debug_str     0x00002d91      0x2d6 Src\GFXC.o
                                0x540 (size before relaxing)
 .debug_str     0x00003067       0x75 Src\ILI9163.o
                                0x76b (size before relaxing)
 .debug_str     0x000030dc       0x75 Src\debounce.o
                                0x373 (size before relaxing)
 .debug_str     0x00003151       0xc8 Src\main.o
                               0x13ad (size before relaxing)
 .debug_str     0x00003219       0x6d Src\stm32l4xx_hal_msp.o
                                0xe5d (size before relaxing)
 .debug_str     0x00003286       0x26 Src\stm32l4xx_it.o
                                0x23b (size before relaxing)
 .debug_str     0x000032ac       0x3b Src\system_stm32l4xx.o
                                0x457 (size before relaxing)

.comment        0x00000000       0x7e
 .comment       0x00000000       0x7e Drivers\STM32L4xx_HAL_Driver\Src\stm32l4xx_hal.o
                                 0x7f (size before relaxing)
 .comment       0x0000007e       0x7f Drivers\STM32L4xx_HAL_Driver\Src\stm32l4xx_hal_cortex.o
 .comment       0x0000007e       0x7f Drivers\STM32L4xx_HAL_Driver\Src\stm32l4xx_hal_gpio.o
 .comment       0x0000007e       0x7f Drivers\STM32L4xx_HAL_Driver\Src\stm32l4xx_hal_pwr_ex.o
 .comment       0x0000007e       0x7f Drivers\STM32L4xx_HAL_Driver\Src\stm32l4xx_hal_rcc.o
 .comment       0x0000007e       0x7f Drivers\STM32L4xx_HAL_Driver\Src\stm32l4xx_hal_rcc_ex.o
 .comment       0x0000007e       0x7f Drivers\STM32L4xx_HAL_Driver\Src\stm32l4xx_hal_spi.o
 .comment       0x0000007e       0x7f Drivers\STM32L4xx_HAL_Driver\Src\stm32l4xx_hal_uart.o
 .comment       0x0000007e       0x7f Src\GFXC.o
 .comment       0x0000007e       0x7f Src\ILI9163.o
 .comment       0x0000007e       0x7f Src\debounce.o
 .comment       0x0000007e       0x7f Src\main.o
 .comment       0x0000007e       0x7f Src\stm32l4xx_hal_msp.o
 .comment       0x0000007e       0x7f Src\stm32l4xx_it.o
 .comment       0x0000007e       0x7f Src\system_stm32l4xx.o

.debug_frame    0x00000000     0x1abc
 .debug_frame   0x00000000      0x1b4 Drivers\STM32L4xx_HAL_Driver\Src\stm32l4xx_hal.o
 .debug_frame   0x000001b4      0x130 Drivers\STM32L4xx_HAL_Driver\Src\stm32l4xx_hal_cortex.o
 .debug_frame   0x000002e4       0xd4 Drivers\STM32L4xx_HAL_Driver\Src\stm32l4xx_hal_gpio.o
 .debug_frame   0x000003b8      0x1f8 Drivers\STM32L4xx_HAL_Driver\Src\stm32l4xx_hal_pwr_ex.o
 .debug_frame   0x000005b0      0x150 Drivers\STM32L4xx_HAL_Driver\Src\stm32l4xx_hal_rcc.o
 .debug_frame   0x00000700      0x274 Drivers\STM32L4xx_HAL_Driver\Src\stm32l4xx_hal_rcc_ex.o
 .debug_frame   0x00000974      0x58c Drivers\STM32L4xx_HAL_Driver\Src\stm32l4xx_hal_spi.o
 .debug_frame   0x00000f00      0x510 Drivers\STM32L4xx_HAL_Driver\Src\stm32l4xx_hal_uart.o
 .debug_frame   0x00001410      0x34c Src\GFXC.o
 .debug_frame   0x0000175c      0x11c Src\ILI9163.o
 .debug_frame   0x00001878       0x50 Src\debounce.o
 .debug_frame   0x000018c8       0x7c Src\main.o
 .debug_frame   0x00001944       0x88 Src\stm32l4xx_hal_msp.o
 .debug_frame   0x000019cc       0x2c Src\stm32l4xx_it.o
 .debug_frame   0x000019f8       0x38 Src\system_stm32l4xx.o
 .debug_frame   0x00001a30       0x2c c:/program files (x86)/atollic/truestudio for arm 7.0.1/armtools/bin/../lib/gcc/arm-atollic-eabi/5.3.1/../../../../arm-atollic-eabi/lib/armv7e-m/fpu\libc.a(lib_a-init.o)
 .debug_frame   0x00001a5c       0x2c c:/program files (x86)/atollic/truestudio for arm 7.0.1/armtools/bin/../lib/gcc/arm-atollic-eabi/5.3.1/armv7e-m/fpu\libgcc.a(_aeabi_uldivmod.o)
 .debug_frame   0x00001a88       0x34 c:/program files (x86)/atollic/truestudio for arm 7.0.1/armtools/bin/../lib/gcc/arm-atollic-eabi/5.3.1/armv7e-m/fpu\libgcc.a(_udivmoddi4.o)

Cross Reference Table

Symbol                                            File
ADC1_IRQHandler                                   startup\startup_stm32l432xx.o
AHBPrescTable                                     Src\system_stm32l4xx.o
                                                  Drivers\STM32L4xx_HAL_Driver\Src\stm32l4xx_hal_rcc.o
APBPrescTable                                     Src\system_stm32l4xx.o
                                                  Drivers\STM32L4xx_HAL_Driver\Src\stm32l4xx_hal_rcc.o
BusFault_Handler                                  startup\startup_stm32l432xx.o
CAN1_RX0_IRQHandler                               startup\startup_stm32l432xx.o
CAN1_RX1_IRQHandler                               startup\startup_stm32l432xx.o
CAN1_SCE_IRQHandler                               startup\startup_stm32l432xx.o
CAN1_TX_IRQHandler                                startup\startup_stm32l432xx.o
COMP_IRQHandler                                   startup\startup_stm32l432xx.o
CRS_IRQHandler                                    startup\startup_stm32l432xx.o
Chars                                             Src\GFXC.o
CheckNumLength                                    Src\GFXC.o
Circle                                            Src\GFXC.o
                                                  Src\gauge.o
ClrScrn                                           Src\ILI9163.o
                                                  Src\main.o
ColIP                                             Src\GFXC.o
ColP                                              Src\GFXC.o
Column                                            Src\GFXC.o
DMA1_Channel1_IRQHandler                          startup\startup_stm32l432xx.o
DMA1_Channel2_IRQHandler                          startup\startup_stm32l432xx.o
DMA1_Channel3_IRQHandler                          startup\startup_stm32l432xx.o
DMA1_Channel4_IRQHandler                          startup\startup_stm32l432xx.o
DMA1_Channel5_IRQHandler                          startup\startup_stm32l432xx.o
DMA1_Channel6_IRQHandler                          startup\startup_stm32l432xx.o
DMA1_Channel7_IRQHandler                          startup\startup_stm32l432xx.o
DMA2_Channel1_IRQHandler                          startup\startup_stm32l432xx.o
DMA2_Channel2_IRQHandler                          startup\startup_stm32l432xx.o
DMA2_Channel3_IRQHandler                          startup\startup_stm32l432xx.o
DMA2_Channel4_IRQHandler                          startup\startup_stm32l432xx.o
DMA2_Channel5_IRQHandler                          startup\startup_stm32l432xx.o
DMA2_Channel6_IRQHandler                          startup\startup_stm32l432xx.o
DMA2_Channel7_IRQHandler                          startup\startup_stm32l432xx.o
DebugMon_Handler                                  startup\startup_stm32l432xx.o
Default_Handler                                   startup\startup_stm32l432xx.o
EToS                                              Src\ILI9163.o
EXTI0_IRQHandler                                  startup\startup_stm32l432xx.o
EXTI15_10_IRQHandler                              startup\startup_stm32l432xx.o
EXTI1_IRQHandler                                  startup\startup_stm32l432xx.o
EXTI2_IRQHandler                                  startup\startup_stm32l432xx.o
EXTI3_IRQHandler                                  startup\startup_stm32l432xx.o
EXTI4_IRQHandler                                  startup\startup_stm32l432xx.o
EXTI9_5_IRQHandler                                startup\startup_stm32l432xx.o
Ellipse                                           Src\GFXC.o
Error_Handler                                     Src\main.o
                                                  Src\syscalls.o
FLASH_FlushCaches                                 Drivers\STM32L4xx_HAL_Driver\Src\stm32l4xx_hal_flash_ex.o
                                                  Drivers\STM32L4xx_HAL_Driver\Src\stm32l4xx_hal_flash.o
FLASH_IRQHandler                                  startup\startup_stm32l432xx.o
FLASH_PageErase                                   Drivers\STM32L4xx_HAL_Driver\Src\stm32l4xx_hal_flash_ex.o
                                                  Drivers\STM32L4xx_HAL_Driver\Src\stm32l4xx_hal_flash.o
FLASH_WaitForLastOperation                        Drivers\STM32L4xx_HAL_Driver\Src\stm32l4xx_hal_flash.o
                                                  Drivers\STM32L4xx_HAL_Driver\Src\stm32l4xx_hal_flash_ex.o
FPU_IRQHandler                                    startup\startup_stm32l432xx.o
FPow                                              Src\GFXC.o
FillCircle                                        Src\GFXC.o
FillEllipse                                       Src\GFXC.o
FillRec                                           Src\GFXC.o
HAL_DBGMCU_DisableDBGSleepMode                    Drivers\STM32L4xx_HAL_Driver\Src\stm32l4xx_hal.o
HAL_DBGMCU_DisableDBGStandbyMode                  Drivers\STM32L4xx_HAL_Driver\Src\stm32l4xx_hal.o
HAL_DBGMCU_DisableDBGStopMode                     Drivers\STM32L4xx_HAL_Driver\Src\stm32l4xx_hal.o
HAL_DBGMCU_EnableDBGSleepMode                     Drivers\STM32L4xx_HAL_Driver\Src\stm32l4xx_hal.o
HAL_DBGMCU_EnableDBGStandbyMode                   Drivers\STM32L4xx_HAL_Driver\Src\stm32l4xx_hal.o
HAL_DBGMCU_EnableDBGStopMode                      Drivers\STM32L4xx_HAL_Driver\Src\stm32l4xx_hal.o
HAL_DMA_Abort                                     Drivers\STM32L4xx_HAL_Driver\Src\stm32l4xx_hal_dma.o
                                                  Drivers\STM32L4xx_HAL_Driver\Src\stm32l4xx_hal_uart.o
                                                  Drivers\STM32L4xx_HAL_Driver\Src\stm32l4xx_hal_spi.o
HAL_DMA_Abort_IT                                  Drivers\STM32L4xx_HAL_Driver\Src\stm32l4xx_hal_dma.o
                                                  Drivers\STM32L4xx_HAL_Driver\Src\stm32l4xx_hal_uart.o
                                                  Drivers\STM32L4xx_HAL_Driver\Src\stm32l4xx_hal_spi.o
                                                  Drivers\STM32L4xx_HAL_Driver\Src\stm32l4xx_hal_i2c.o
HAL_DMA_DeInit                                    Drivers\STM32L4xx_HAL_Driver\Src\stm32l4xx_hal_dma.o
HAL_DMA_GetError                                  Drivers\STM32L4xx_HAL_Driver\Src\stm32l4xx_hal_dma.o
HAL_DMA_GetState                                  Drivers\STM32L4xx_HAL_Driver\Src\stm32l4xx_hal_dma.o
HAL_DMA_IRQHandler                                Drivers\STM32L4xx_HAL_Driver\Src\stm32l4xx_hal_dma.o
HAL_DMA_Init                                      Drivers\STM32L4xx_HAL_Driver\Src\stm32l4xx_hal_dma.o
HAL_DMA_PollForTransfer                           Drivers\STM32L4xx_HAL_Driver\Src\stm32l4xx_hal_dma.o
HAL_DMA_RegisterCallback                          Drivers\STM32L4xx_HAL_Driver\Src\stm32l4xx_hal_dma.o
HAL_DMA_Start                                     Drivers\STM32L4xx_HAL_Driver\Src\stm32l4xx_hal_dma.o
HAL_DMA_Start_IT                                  Drivers\STM32L4xx_HAL_Driver\Src\stm32l4xx_hal_dma.o
                                                  Drivers\STM32L4xx_HAL_Driver\Src\stm32l4xx_hal_uart.o
                                                  Drivers\STM32L4xx_HAL_Driver\Src\stm32l4xx_hal_spi.o
                                                  Drivers\STM32L4xx_HAL_Driver\Src\stm32l4xx_hal_i2c.o
HAL_DMA_UnRegisterCallback                        Drivers\STM32L4xx_HAL_Driver\Src\stm32l4xx_hal_dma.o
HAL_DeInit                                        Drivers\STM32L4xx_HAL_Driver\Src\stm32l4xx_hal.o
HAL_Delay                                         Drivers\STM32L4xx_HAL_Driver\Src\stm32l4xx_hal.o
                                                  Src\gauge.o
                                                  Src\ILI9163.o
HAL_FLASHEx_DisableRunPowerDown                   Drivers\STM32L4xx_HAL_Driver\Src\stm32l4xx_hal_flash_ramfunc.o
HAL_FLASHEx_EnableRunPowerDown                    Drivers\STM32L4xx_HAL_Driver\Src\stm32l4xx_hal_flash_ramfunc.o
HAL_FLASHEx_Erase                                 Drivers\STM32L4xx_HAL_Driver\Src\stm32l4xx_hal_flash_ex.o
HAL_FLASHEx_Erase_IT                              Drivers\STM32L4xx_HAL_Driver\Src\stm32l4xx_hal_flash_ex.o
HAL_FLASHEx_OBGetConfig                           Drivers\STM32L4xx_HAL_Driver\Src\stm32l4xx_hal_flash_ex.o
HAL_FLASHEx_OBProgram                             Drivers\STM32L4xx_HAL_Driver\Src\stm32l4xx_hal_flash_ex.o
HAL_FLASH_EndOfOperationCallback                  Drivers\STM32L4xx_HAL_Driver\Src\stm32l4xx_hal_flash.o
HAL_FLASH_GetError                                Drivers\STM32L4xx_HAL_Driver\Src\stm32l4xx_hal_flash.o
HAL_FLASH_IRQHandler                              Drivers\STM32L4xx_HAL_Driver\Src\stm32l4xx_hal_flash.o
HAL_FLASH_Lock                                    Drivers\STM32L4xx_HAL_Driver\Src\stm32l4xx_hal_flash.o
HAL_FLASH_OB_Launch                               Drivers\STM32L4xx_HAL_Driver\Src\stm32l4xx_hal_flash.o
HAL_FLASH_OB_Lock                                 Drivers\STM32L4xx_HAL_Driver\Src\stm32l4xx_hal_flash.o
HAL_FLASH_OB_Unlock                               Drivers\STM32L4xx_HAL_Driver\Src\stm32l4xx_hal_flash.o
HAL_FLASH_OperationErrorCallback                  Drivers\STM32L4xx_HAL_Driver\Src\stm32l4xx_hal_flash.o
HAL_FLASH_Program                                 Drivers\STM32L4xx_HAL_Driver\Src\stm32l4xx_hal_flash.o
HAL_FLASH_Program_IT                              Drivers\STM32L4xx_HAL_Driver\Src\stm32l4xx_hal_flash.o
HAL_FLASH_Unlock                                  Drivers\STM32L4xx_HAL_Driver\Src\stm32l4xx_hal_flash.o
HAL_GPIO_DeInit                                   Drivers\STM32L4xx_HAL_Driver\Src\stm32l4xx_hal_gpio.o
                                                  Src\stm32l4xx_hal_msp.o
HAL_GPIO_EXTI_Callback                            Drivers\STM32L4xx_HAL_Driver\Src\stm32l4xx_hal_gpio.o
HAL_GPIO_EXTI_IRQHandler                          Drivers\STM32L4xx_HAL_Driver\Src\stm32l4xx_hal_gpio.o
HAL_GPIO_Init                                     Drivers\STM32L4xx_HAL_Driver\Src\stm32l4xx_hal_gpio.o
                                                  Src\stm32l4xx_hal_msp.o
                                                  Src\main.o
                                                  Src\debounce.o
                                                  Drivers\STM32L4xx_HAL_Driver\Src\stm32l4xx_hal_rcc_ex.o
                                                  Drivers\STM32L4xx_HAL_Driver\Src\stm32l4xx_hal_rcc.o
HAL_GPIO_LockPin                                  Drivers\STM32L4xx_HAL_Driver\Src\stm32l4xx_hal_gpio.o
HAL_GPIO_ReadPin                                  Drivers\STM32L4xx_HAL_Driver\Src\stm32l4xx_hal_gpio.o
                                                  Src\debounce.o
HAL_GPIO_TogglePin                                Drivers\STM32L4xx_HAL_Driver\Src\stm32l4xx_hal_gpio.o
HAL_GPIO_WritePin                                 Drivers\STM32L4xx_HAL_Driver\Src\stm32l4xx_hal_gpio.o
                                                  Src\main.o
                                                  Src\ILI9163.o
HAL_GetDEVID                                      Drivers\STM32L4xx_HAL_Driver\Src\stm32l4xx_hal.o
HAL_GetHalVersion                                 Drivers\STM32L4xx_HAL_Driver\Src\stm32l4xx_hal.o
HAL_GetREVID                                      Drivers\STM32L4xx_HAL_Driver\Src\stm32l4xx_hal.o
HAL_GetTick                                       Drivers\STM32L4xx_HAL_Driver\Src\stm32l4xx_hal.o
                                                  Src\debounce.o
                                                  Drivers\STM32L4xx_HAL_Driver\Src\stm32l4xx_hal_uart_ex.o
                                                  Drivers\STM32L4xx_HAL_Driver\Src\stm32l4xx_hal_uart.o
                                                  Drivers\STM32L4xx_HAL_Driver\Src\stm32l4xx_hal_spi.o
                                                  Drivers\STM32L4xx_HAL_Driver\Src\stm32l4xx_hal_rcc_ex.o
                                                  Drivers\STM32L4xx_HAL_Driver\Src\stm32l4xx_hal_rcc.o
                                                  Drivers\STM32L4xx_HAL_Driver\Src\stm32l4xx_hal_i2c.o
                                                  Drivers\STM32L4xx_HAL_Driver\Src\stm32l4xx_hal_flash.o
                                                  Drivers\STM32L4xx_HAL_Driver\Src\stm32l4xx_hal_dma.o
HAL_HalfDuplex_EnableReceiver                     Drivers\STM32L4xx_HAL_Driver\Src\stm32l4xx_hal_uart.o
HAL_HalfDuplex_EnableTransmitter                  Drivers\STM32L4xx_HAL_Driver\Src\stm32l4xx_hal_uart.o
HAL_HalfDuplex_Init                               Drivers\STM32L4xx_HAL_Driver\Src\stm32l4xx_hal_uart.o
HAL_I2CEx_ConfigAnalogFilter                      Drivers\STM32L4xx_HAL_Driver\Src\stm32l4xx_hal_i2c_ex.o
HAL_I2CEx_ConfigDigitalFilter                     Drivers\STM32L4xx_HAL_Driver\Src\stm32l4xx_hal_i2c_ex.o
HAL_I2CEx_DisableFastModePlus                     Drivers\STM32L4xx_HAL_Driver\Src\stm32l4xx_hal_i2c_ex.o
HAL_I2CEx_DisableWakeUp                           Drivers\STM32L4xx_HAL_Driver\Src\stm32l4xx_hal_i2c_ex.o
HAL_I2CEx_EnableFastModePlus                      Drivers\STM32L4xx_HAL_Driver\Src\stm32l4xx_hal_i2c_ex.o
HAL_I2CEx_EnableWakeUp                            Drivers\STM32L4xx_HAL_Driver\Src\stm32l4xx_hal_i2c_ex.o
HAL_I2C_AbortCpltCallback                         Drivers\STM32L4xx_HAL_Driver\Src\stm32l4xx_hal_i2c.o
HAL_I2C_AddrCallback                              Drivers\STM32L4xx_HAL_Driver\Src\stm32l4xx_hal_i2c.o
HAL_I2C_DeInit                                    Drivers\STM32L4xx_HAL_Driver\Src\stm32l4xx_hal_i2c.o
HAL_I2C_DisableListen_IT                          Drivers\STM32L4xx_HAL_Driver\Src\stm32l4xx_hal_i2c.o
HAL_I2C_ER_IRQHandler                             Drivers\STM32L4xx_HAL_Driver\Src\stm32l4xx_hal_i2c.o
HAL_I2C_EV_IRQHandler                             Drivers\STM32L4xx_HAL_Driver\Src\stm32l4xx_hal_i2c.o
HAL_I2C_EnableListen_IT                           Drivers\STM32L4xx_HAL_Driver\Src\stm32l4xx_hal_i2c.o
HAL_I2C_ErrorCallback                             Drivers\STM32L4xx_HAL_Driver\Src\stm32l4xx_hal_i2c.o
HAL_I2C_GetError                                  Drivers\STM32L4xx_HAL_Driver\Src\stm32l4xx_hal_i2c.o
HAL_I2C_GetMode                                   Drivers\STM32L4xx_HAL_Driver\Src\stm32l4xx_hal_i2c.o
HAL_I2C_GetState                                  Drivers\STM32L4xx_HAL_Driver\Src\stm32l4xx_hal_i2c.o
HAL_I2C_Init                                      Drivers\STM32L4xx_HAL_Driver\Src\stm32l4xx_hal_i2c.o
HAL_I2C_IsDeviceReady                             Drivers\STM32L4xx_HAL_Driver\Src\stm32l4xx_hal_i2c.o
HAL_I2C_ListenCpltCallback                        Drivers\STM32L4xx_HAL_Driver\Src\stm32l4xx_hal_i2c.o
HAL_I2C_MasterRxCpltCallback                      Drivers\STM32L4xx_HAL_Driver\Src\stm32l4xx_hal_i2c.o
HAL_I2C_MasterTxCpltCallback                      Drivers\STM32L4xx_HAL_Driver\Src\stm32l4xx_hal_i2c.o
HAL_I2C_Master_Abort_IT                           Drivers\STM32L4xx_HAL_Driver\Src\stm32l4xx_hal_i2c.o
HAL_I2C_Master_Receive                            Drivers\STM32L4xx_HAL_Driver\Src\stm32l4xx_hal_i2c.o
HAL_I2C_Master_Receive_DMA                        Drivers\STM32L4xx_HAL_Driver\Src\stm32l4xx_hal_i2c.o
HAL_I2C_Master_Receive_IT                         Drivers\STM32L4xx_HAL_Driver\Src\stm32l4xx_hal_i2c.o
HAL_I2C_Master_Sequential_Receive_IT              Drivers\STM32L4xx_HAL_Driver\Src\stm32l4xx_hal_i2c.o
HAL_I2C_Master_Sequential_Transmit_IT             Drivers\STM32L4xx_HAL_Driver\Src\stm32l4xx_hal_i2c.o
HAL_I2C_Master_Transmit                           Drivers\STM32L4xx_HAL_Driver\Src\stm32l4xx_hal_i2c.o
HAL_I2C_Master_Transmit_DMA                       Drivers\STM32L4xx_HAL_Driver\Src\stm32l4xx_hal_i2c.o
HAL_I2C_Master_Transmit_IT                        Drivers\STM32L4xx_HAL_Driver\Src\stm32l4xx_hal_i2c.o
HAL_I2C_MemRxCpltCallback                         Drivers\STM32L4xx_HAL_Driver\Src\stm32l4xx_hal_i2c.o
HAL_I2C_MemTxCpltCallback                         Drivers\STM32L4xx_HAL_Driver\Src\stm32l4xx_hal_i2c.o
HAL_I2C_Mem_Read                                  Drivers\STM32L4xx_HAL_Driver\Src\stm32l4xx_hal_i2c.o
HAL_I2C_Mem_Read_DMA                              Drivers\STM32L4xx_HAL_Driver\Src\stm32l4xx_hal_i2c.o
HAL_I2C_Mem_Read_IT                               Drivers\STM32L4xx_HAL_Driver\Src\stm32l4xx_hal_i2c.o
HAL_I2C_Mem_Write                                 Drivers\STM32L4xx_HAL_Driver\Src\stm32l4xx_hal_i2c.o
HAL_I2C_Mem_Write_DMA                             Drivers\STM32L4xx_HAL_Driver\Src\stm32l4xx_hal_i2c.o
HAL_I2C_Mem_Write_IT                              Drivers\STM32L4xx_HAL_Driver\Src\stm32l4xx_hal_i2c.o
HAL_I2C_MspDeInit                                 Drivers\STM32L4xx_HAL_Driver\Src\stm32l4xx_hal_i2c.o
HAL_I2C_MspInit                                   Drivers\STM32L4xx_HAL_Driver\Src\stm32l4xx_hal_i2c.o
HAL_I2C_SlaveRxCpltCallback                       Drivers\STM32L4xx_HAL_Driver\Src\stm32l4xx_hal_i2c.o
HAL_I2C_SlaveTxCpltCallback                       Drivers\STM32L4xx_HAL_Driver\Src\stm32l4xx_hal_i2c.o
HAL_I2C_Slave_Receive                             Drivers\STM32L4xx_HAL_Driver\Src\stm32l4xx_hal_i2c.o
HAL_I2C_Slave_Receive_DMA                         Drivers\STM32L4xx_HAL_Driver\Src\stm32l4xx_hal_i2c.o
HAL_I2C_Slave_Receive_IT                          Drivers\STM32L4xx_HAL_Driver\Src\stm32l4xx_hal_i2c.o
HAL_I2C_Slave_Sequential_Receive_IT               Drivers\STM32L4xx_HAL_Driver\Src\stm32l4xx_hal_i2c.o
HAL_I2C_Slave_Sequential_Transmit_IT              Drivers\STM32L4xx_HAL_Driver\Src\stm32l4xx_hal_i2c.o
HAL_I2C_Slave_Transmit                            Drivers\STM32L4xx_HAL_Driver\Src\stm32l4xx_hal_i2c.o
HAL_I2C_Slave_Transmit_DMA                        Drivers\STM32L4xx_HAL_Driver\Src\stm32l4xx_hal_i2c.o
HAL_I2C_Slave_Transmit_IT                         Drivers\STM32L4xx_HAL_Driver\Src\stm32l4xx_hal_i2c.o
HAL_IncTick                                       Drivers\STM32L4xx_HAL_Driver\Src\stm32l4xx_hal.o
                                                  Src\stm32l4xx_it.o
HAL_Init                                          Drivers\STM32L4xx_HAL_Driver\Src\stm32l4xx_hal.o
                                                  Src\main.o
HAL_InitTick                                      Drivers\STM32L4xx_HAL_Driver\Src\stm32l4xx_hal.o
                                                  Drivers\STM32L4xx_HAL_Driver\Src\stm32l4xx_hal_rcc.o
HAL_LIN_Init                                      Drivers\STM32L4xx_HAL_Driver\Src\stm32l4xx_hal_uart.o
HAL_LIN_SendBreak                                 Drivers\STM32L4xx_HAL_Driver\Src\stm32l4xx_hal_uart.o
HAL_MPU_ConfigRegion                              Drivers\STM32L4xx_HAL_Driver\Src\stm32l4xx_hal_cortex.o
HAL_MspDeInit                                     Drivers\STM32L4xx_HAL_Driver\Src\stm32l4xx_hal.o
HAL_MspInit                                       Src\stm32l4xx_hal_msp.o
                                                  Drivers\STM32L4xx_HAL_Driver\Src\stm32l4xx_hal.o
HAL_MultiProcessorEx_AddressLength_Set            Drivers\STM32L4xx_HAL_Driver\Src\stm32l4xx_hal_uart_ex.o
HAL_MultiProcessor_DisableMuteMode                Drivers\STM32L4xx_HAL_Driver\Src\stm32l4xx_hal_uart.o
HAL_MultiProcessor_EnableMuteMode                 Drivers\STM32L4xx_HAL_Driver\Src\stm32l4xx_hal_uart.o
HAL_MultiProcessor_EnterMuteMode                  Drivers\STM32L4xx_HAL_Driver\Src\stm32l4xx_hal_uart.o
HAL_MultiProcessor_Init                           Drivers\STM32L4xx_HAL_Driver\Src\stm32l4xx_hal_uart.o
HAL_NVIC_ClearPendingIRQ                          Drivers\STM32L4xx_HAL_Driver\Src\stm32l4xx_hal_cortex.o
HAL_NVIC_DisableIRQ                               Drivers\STM32L4xx_HAL_Driver\Src\stm32l4xx_hal_cortex.o
HAL_NVIC_EnableIRQ                                Drivers\STM32L4xx_HAL_Driver\Src\stm32l4xx_hal_cortex.o
HAL_NVIC_GetActive                                Drivers\STM32L4xx_HAL_Driver\Src\stm32l4xx_hal_cortex.o
HAL_NVIC_GetPendingIRQ                            Drivers\STM32L4xx_HAL_Driver\Src\stm32l4xx_hal_cortex.o
HAL_NVIC_GetPriority                              Drivers\STM32L4xx_HAL_Driver\Src\stm32l4xx_hal_cortex.o
HAL_NVIC_GetPriorityGrouping                      Drivers\STM32L4xx_HAL_Driver\Src\stm32l4xx_hal_cortex.o
HAL_NVIC_SetPendingIRQ                            Drivers\STM32L4xx_HAL_Driver\Src\stm32l4xx_hal_cortex.o
HAL_NVIC_SetPriority                              Drivers\STM32L4xx_HAL_Driver\Src\stm32l4xx_hal_cortex.o
                                                  Src\stm32l4xx_hal_msp.o
                                                  Src\main.o
                                                  Drivers\STM32L4xx_HAL_Driver\Src\stm32l4xx_hal.o
HAL_NVIC_SetPriorityGrouping                      Drivers\STM32L4xx_HAL_Driver\Src\stm32l4xx_hal_cortex.o
                                                  Src\stm32l4xx_hal_msp.o
                                                  Drivers\STM32L4xx_HAL_Driver\Src\stm32l4xx_hal.o
HAL_NVIC_SystemReset                              Drivers\STM32L4xx_HAL_Driver\Src\stm32l4xx_hal_cortex.o
HAL_PWREx_ConfigPVM                               Drivers\STM32L4xx_HAL_Driver\Src\stm32l4xx_hal_pwr_ex.o
HAL_PWREx_ControlVoltageScaling                   Drivers\STM32L4xx_HAL_Driver\Src\stm32l4xx_hal_pwr_ex.o
                                                  Src\main.o
HAL_PWREx_DisableBatteryCharging                  Drivers\STM32L4xx_HAL_Driver\Src\stm32l4xx_hal_pwr_ex.o
HAL_PWREx_DisableGPIOPullDown                     Drivers\STM32L4xx_HAL_Driver\Src\stm32l4xx_hal_pwr_ex.o
HAL_PWREx_DisableGPIOPullUp                       Drivers\STM32L4xx_HAL_Driver\Src\stm32l4xx_hal_pwr_ex.o
HAL_PWREx_DisableInternalWakeUpLine               Drivers\STM32L4xx_HAL_Driver\Src\stm32l4xx_hal_pwr_ex.o
HAL_PWREx_DisableLowPowerRunMode                  Drivers\STM32L4xx_HAL_Driver\Src\stm32l4xx_hal_pwr_ex.o
                                                  Drivers\STM32L4xx_HAL_Driver\Src\stm32l4xx_hal_pwr.o
HAL_PWREx_DisablePVM3                             Drivers\STM32L4xx_HAL_Driver\Src\stm32l4xx_hal_pwr_ex.o
HAL_PWREx_DisablePVM4                             Drivers\STM32L4xx_HAL_Driver\Src\stm32l4xx_hal_pwr_ex.o
HAL_PWREx_DisablePullUpPullDownConfig             Drivers\STM32L4xx_HAL_Driver\Src\stm32l4xx_hal_pwr_ex.o
HAL_PWREx_DisableSRAM2ContentRetention            Drivers\STM32L4xx_HAL_Driver\Src\stm32l4xx_hal_pwr_ex.o
HAL_PWREx_DisableVddUSB                           Drivers\STM32L4xx_HAL_Driver\Src\stm32l4xx_hal_pwr_ex.o
HAL_PWREx_EnableBatteryCharging                   Drivers\STM32L4xx_HAL_Driver\Src\stm32l4xx_hal_pwr_ex.o
HAL_PWREx_EnableGPIOPullDown                      Drivers\STM32L4xx_HAL_Driver\Src\stm32l4xx_hal_pwr_ex.o
HAL_PWREx_EnableGPIOPullUp                        Drivers\STM32L4xx_HAL_Driver\Src\stm32l4xx_hal_pwr_ex.o
HAL_PWREx_EnableInternalWakeUpLine                Drivers\STM32L4xx_HAL_Driver\Src\stm32l4xx_hal_pwr_ex.o
HAL_PWREx_EnableLowPowerRunMode                   Drivers\STM32L4xx_HAL_Driver\Src\stm32l4xx_hal_pwr_ex.o
                                                  Drivers\STM32L4xx_HAL_Driver\Src\stm32l4xx_hal_pwr.o
HAL_PWREx_EnablePVM3                              Drivers\STM32L4xx_HAL_Driver\Src\stm32l4xx_hal_pwr_ex.o
HAL_PWREx_EnablePVM4                              Drivers\STM32L4xx_HAL_Driver\Src\stm32l4xx_hal_pwr_ex.o
HAL_PWREx_EnablePullUpPullDownConfig              Drivers\STM32L4xx_HAL_Driver\Src\stm32l4xx_hal_pwr_ex.o
HAL_PWREx_EnableSRAM2ContentRetention             Drivers\STM32L4xx_HAL_Driver\Src\stm32l4xx_hal_pwr_ex.o
HAL_PWREx_EnableVddUSB                            Drivers\STM32L4xx_HAL_Driver\Src\stm32l4xx_hal_pwr_ex.o
HAL_PWREx_EnterSHUTDOWNMode                       Drivers\STM32L4xx_HAL_Driver\Src\stm32l4xx_hal_pwr_ex.o
HAL_PWREx_EnterSTOP0Mode                          Drivers\STM32L4xx_HAL_Driver\Src\stm32l4xx_hal_pwr_ex.o
                                                  Drivers\STM32L4xx_HAL_Driver\Src\stm32l4xx_hal_pwr.o
HAL_PWREx_EnterSTOP1Mode                          Drivers\STM32L4xx_HAL_Driver\Src\stm32l4xx_hal_pwr_ex.o
                                                  Drivers\STM32L4xx_HAL_Driver\Src\stm32l4xx_hal_pwr.o
HAL_PWREx_EnterSTOP2Mode                          Drivers\STM32L4xx_HAL_Driver\Src\stm32l4xx_hal_pwr_ex.o
HAL_PWREx_GetVoltageRange                         Drivers\STM32L4xx_HAL_Driver\Src\stm32l4xx_hal_pwr_ex.o
                                                  Drivers\STM32L4xx_HAL_Driver\Src\stm32l4xx_hal_rcc.o
HAL_PWREx_PVD_PVM_IRQHandler                      Drivers\STM32L4xx_HAL_Driver\Src\stm32l4xx_hal_pwr_ex.o
HAL_PWREx_PVM3Callback                            Drivers\STM32L4xx_HAL_Driver\Src\stm32l4xx_hal_pwr_ex.o
HAL_PWREx_PVM4Callback                            Drivers\STM32L4xx_HAL_Driver\Src\stm32l4xx_hal_pwr_ex.o
HAL_PWR_ConfigPVD                                 Drivers\STM32L4xx_HAL_Driver\Src\stm32l4xx_hal_pwr.o
HAL_PWR_DeInit                                    Drivers\STM32L4xx_HAL_Driver\Src\stm32l4xx_hal_pwr.o
HAL_PWR_DisableBkUpAccess                         Drivers\STM32L4xx_HAL_Driver\Src\stm32l4xx_hal_pwr.o
                                                  Drivers\STM32L4xx_HAL_Driver\Src\stm32l4xx_hal_rcc_ex.o
HAL_PWR_DisablePVD                                Drivers\STM32L4xx_HAL_Driver\Src\stm32l4xx_hal_pwr.o
HAL_PWR_DisableSEVOnPend                          Drivers\STM32L4xx_HAL_Driver\Src\stm32l4xx_hal_pwr.o
HAL_PWR_DisableSleepOnExit                        Drivers\STM32L4xx_HAL_Driver\Src\stm32l4xx_hal_pwr.o
HAL_PWR_DisableWakeUpPin                          Drivers\STM32L4xx_HAL_Driver\Src\stm32l4xx_hal_pwr.o
HAL_PWR_EnableBkUpAccess                          Drivers\STM32L4xx_HAL_Driver\Src\stm32l4xx_hal_pwr.o
                                                  Drivers\STM32L4xx_HAL_Driver\Src\stm32l4xx_hal_rcc_ex.o
HAL_PWR_EnablePVD                                 Drivers\STM32L4xx_HAL_Driver\Src\stm32l4xx_hal_pwr.o
HAL_PWR_EnableSEVOnPend                           Drivers\STM32L4xx_HAL_Driver\Src\stm32l4xx_hal_pwr.o
HAL_PWR_EnableSleepOnExit                         Drivers\STM32L4xx_HAL_Driver\Src\stm32l4xx_hal_pwr.o
HAL_PWR_EnableWakeUpPin                           Drivers\STM32L4xx_HAL_Driver\Src\stm32l4xx_hal_pwr.o
HAL_PWR_EnterSLEEPMode                            Drivers\STM32L4xx_HAL_Driver\Src\stm32l4xx_hal_pwr.o
HAL_PWR_EnterSTANDBYMode                          Drivers\STM32L4xx_HAL_Driver\Src\stm32l4xx_hal_pwr.o
HAL_PWR_EnterSTOPMode                             Drivers\STM32L4xx_HAL_Driver\Src\stm32l4xx_hal_pwr.o
HAL_PWR_PVDCallback                               Drivers\STM32L4xx_HAL_Driver\Src\stm32l4xx_hal_pwr.o
                                                  Drivers\STM32L4xx_HAL_Driver\Src\stm32l4xx_hal_pwr_ex.o
HAL_RCCEx_CRSConfig                               Drivers\STM32L4xx_HAL_Driver\Src\stm32l4xx_hal_rcc_ex.o
HAL_RCCEx_CRSGetSynchronizationInfo               Drivers\STM32L4xx_HAL_Driver\Src\stm32l4xx_hal_rcc_ex.o
HAL_RCCEx_CRSSoftwareSynchronizationGenerate      Drivers\STM32L4xx_HAL_Driver\Src\stm32l4xx_hal_rcc_ex.o
HAL_RCCEx_CRSWaitSynchronization                  Drivers\STM32L4xx_HAL_Driver\Src\stm32l4xx_hal_rcc_ex.o
HAL_RCCEx_CRS_ErrorCallback                       Drivers\STM32L4xx_HAL_Driver\Src\stm32l4xx_hal_rcc_ex.o
HAL_RCCEx_CRS_ExpectedSyncCallback                Drivers\STM32L4xx_HAL_Driver\Src\stm32l4xx_hal_rcc_ex.o
HAL_RCCEx_CRS_IRQHandler                          Drivers\STM32L4xx_HAL_Driver\Src\stm32l4xx_hal_rcc_ex.o
HAL_RCCEx_CRS_SyncOkCallback                      Drivers\STM32L4xx_HAL_Driver\Src\stm32l4xx_hal_rcc_ex.o
HAL_RCCEx_CRS_SyncWarnCallback                    Drivers\STM32L4xx_HAL_Driver\Src\stm32l4xx_hal_rcc_ex.o
HAL_RCCEx_DisableLSCO                             Drivers\STM32L4xx_HAL_Driver\Src\stm32l4xx_hal_rcc_ex.o
HAL_RCCEx_DisableLSECSS                           Drivers\STM32L4xx_HAL_Driver\Src\stm32l4xx_hal_rcc_ex.o
HAL_RCCEx_DisableMSIPLLMode                       Drivers\STM32L4xx_HAL_Driver\Src\stm32l4xx_hal_rcc_ex.o
HAL_RCCEx_DisablePLLSAI1                          Drivers\STM32L4xx_HAL_Driver\Src\stm32l4xx_hal_rcc_ex.o
HAL_RCCEx_EnableLSCO                              Drivers\STM32L4xx_HAL_Driver\Src\stm32l4xx_hal_rcc_ex.o
HAL_RCCEx_EnableLSECSS                            Drivers\STM32L4xx_HAL_Driver\Src\stm32l4xx_hal_rcc_ex.o
HAL_RCCEx_EnableLSECSS_IT                         Drivers\STM32L4xx_HAL_Driver\Src\stm32l4xx_hal_rcc_ex.o
HAL_RCCEx_EnableMSIPLLMode                        Drivers\STM32L4xx_HAL_Driver\Src\stm32l4xx_hal_rcc_ex.o
HAL_RCCEx_EnablePLLSAI1                           Drivers\STM32L4xx_HAL_Driver\Src\stm32l4xx_hal_rcc_ex.o
HAL_RCCEx_GetPeriphCLKConfig                      Drivers\STM32L4xx_HAL_Driver\Src\stm32l4xx_hal_rcc_ex.o
HAL_RCCEx_GetPeriphCLKFreq                        Drivers\STM32L4xx_HAL_Driver\Src\stm32l4xx_hal_rcc_ex.o
HAL_RCCEx_LSECSS_Callback                         Drivers\STM32L4xx_HAL_Driver\Src\stm32l4xx_hal_rcc_ex.o
HAL_RCCEx_LSECSS_IRQHandler                       Drivers\STM32L4xx_HAL_Driver\Src\stm32l4xx_hal_rcc_ex.o
HAL_RCCEx_PeriphCLKConfig                         Drivers\STM32L4xx_HAL_Driver\Src\stm32l4xx_hal_rcc_ex.o
                                                  Src\main.o
HAL_RCCEx_StandbyMSIRangeConfig                   Drivers\STM32L4xx_HAL_Driver\Src\stm32l4xx_hal_rcc_ex.o
HAL_RCCEx_WakeUpStopCLKConfig                     Drivers\STM32L4xx_HAL_Driver\Src\stm32l4xx_hal_rcc_ex.o
HAL_RCC_CSSCallback                               Drivers\STM32L4xx_HAL_Driver\Src\stm32l4xx_hal_rcc.o
HAL_RCC_ClockConfig                               Drivers\STM32L4xx_HAL_Driver\Src\stm32l4xx_hal_rcc.o
                                                  Src\main.o
HAL_RCC_DeInit                                    Drivers\STM32L4xx_HAL_Driver\Src\stm32l4xx_hal_rcc.o
HAL_RCC_EnableCSS                                 Drivers\STM32L4xx_HAL_Driver\Src\stm32l4xx_hal_rcc.o
HAL_RCC_GetClockConfig                            Drivers\STM32L4xx_HAL_Driver\Src\stm32l4xx_hal_rcc.o
HAL_RCC_GetHCLKFreq                               Drivers\STM32L4xx_HAL_Driver\Src\stm32l4xx_hal_rcc.o
                                                  Src\main.o
HAL_RCC_GetOscConfig                              Drivers\STM32L4xx_HAL_Driver\Src\stm32l4xx_hal_rcc.o
HAL_RCC_GetPCLK1Freq                              Drivers\STM32L4xx_HAL_Driver\Src\stm32l4xx_hal_rcc.o
                                                  Drivers\STM32L4xx_HAL_Driver\Src\stm32l4xx_hal_uart.o
                                                  Drivers\STM32L4xx_HAL_Driver\Src\stm32l4xx_hal_rcc_ex.o
HAL_RCC_GetPCLK2Freq                              Drivers\STM32L4xx_HAL_Driver\Src\stm32l4xx_hal_rcc.o
                                                  Drivers\STM32L4xx_HAL_Driver\Src\stm32l4xx_hal_uart.o
                                                  Drivers\STM32L4xx_HAL_Driver\Src\stm32l4xx_hal_rcc_ex.o
HAL_RCC_GetSysClockFreq                           Drivers\STM32L4xx_HAL_Driver\Src\stm32l4xx_hal_rcc.o
                                                  Drivers\STM32L4xx_HAL_Driver\Src\stm32l4xx_hal_uart.o
                                                  Drivers\STM32L4xx_HAL_Driver\Src\stm32l4xx_hal_rcc_ex.o
HAL_RCC_MCOConfig                                 Drivers\STM32L4xx_HAL_Driver\Src\stm32l4xx_hal_rcc.o
HAL_RCC_NMI_IRQHandler                            Drivers\STM32L4xx_HAL_Driver\Src\stm32l4xx_hal_rcc.o
HAL_RCC_OscConfig                                 Drivers\STM32L4xx_HAL_Driver\Src\stm32l4xx_hal_rcc.o
                                                  Src\main.o
HAL_RS485Ex_Init                                  Drivers\STM32L4xx_HAL_Driver\Src\stm32l4xx_hal_uart_ex.o
HAL_ResumeTick                                    Drivers\STM32L4xx_HAL_Driver\Src\stm32l4xx_hal.o
HAL_SPIEx_FlushRxFifo                             Drivers\STM32L4xx_HAL_Driver\Src\stm32l4xx_hal_spi_ex.o
HAL_SPI_Abort                                     Drivers\STM32L4xx_HAL_Driver\Src\stm32l4xx_hal_spi.o
HAL_SPI_AbortCpltCallback                         Drivers\STM32L4xx_HAL_Driver\Src\stm32l4xx_hal_spi.o
HAL_SPI_Abort_IT                                  Drivers\STM32L4xx_HAL_Driver\Src\stm32l4xx_hal_spi.o
HAL_SPI_DMAPause                                  Drivers\STM32L4xx_HAL_Driver\Src\stm32l4xx_hal_spi.o
HAL_SPI_DMAResume                                 Drivers\STM32L4xx_HAL_Driver\Src\stm32l4xx_hal_spi.o
HAL_SPI_DMAStop                                   Drivers\STM32L4xx_HAL_Driver\Src\stm32l4xx_hal_spi.o
HAL_SPI_DeInit                                    Drivers\STM32L4xx_HAL_Driver\Src\stm32l4xx_hal_spi.o
HAL_SPI_ErrorCallback                             Drivers\STM32L4xx_HAL_Driver\Src\stm32l4xx_hal_spi.o
HAL_SPI_GetError                                  Drivers\STM32L4xx_HAL_Driver\Src\stm32l4xx_hal_spi.o
HAL_SPI_GetState                                  Drivers\STM32L4xx_HAL_Driver\Src\stm32l4xx_hal_spi.o
                                                  Src\ILI9163.o
HAL_SPI_IRQHandler                                Drivers\STM32L4xx_HAL_Driver\Src\stm32l4xx_hal_spi.o
HAL_SPI_Init                                      Drivers\STM32L4xx_HAL_Driver\Src\stm32l4xx_hal_spi.o
                                                  Src\main.o
HAL_SPI_MspDeInit                                 Src\stm32l4xx_hal_msp.o
                                                  Drivers\STM32L4xx_HAL_Driver\Src\stm32l4xx_hal_spi.o
HAL_SPI_MspInit                                   Src\stm32l4xx_hal_msp.o
                                                  Drivers\STM32L4xx_HAL_Driver\Src\stm32l4xx_hal_spi.o
HAL_SPI_Receive                                   Drivers\STM32L4xx_HAL_Driver\Src\stm32l4xx_hal_spi.o
HAL_SPI_Receive_DMA                               Drivers\STM32L4xx_HAL_Driver\Src\stm32l4xx_hal_spi.o
HAL_SPI_Receive_IT                                Drivers\STM32L4xx_HAL_Driver\Src\stm32l4xx_hal_spi.o
HAL_SPI_RxCpltCallback                            Drivers\STM32L4xx_HAL_Driver\Src\stm32l4xx_hal_spi.o
HAL_SPI_RxHalfCpltCallback                        Drivers\STM32L4xx_HAL_Driver\Src\stm32l4xx_hal_spi.o
HAL_SPI_Transmit                                  Drivers\STM32L4xx_HAL_Driver\Src\stm32l4xx_hal_spi.o
                                                  Src\ILI9163.o
HAL_SPI_TransmitReceive                           Drivers\STM32L4xx_HAL_Driver\Src\stm32l4xx_hal_spi.o
HAL_SPI_TransmitReceive_DMA                       Drivers\STM32L4xx_HAL_Driver\Src\stm32l4xx_hal_spi.o
HAL_SPI_TransmitReceive_IT                        Drivers\STM32L4xx_HAL_Driver\Src\stm32l4xx_hal_spi.o
HAL_SPI_Transmit_DMA                              Drivers\STM32L4xx_HAL_Driver\Src\stm32l4xx_hal_spi.o
HAL_SPI_Transmit_IT                               Drivers\STM32L4xx_HAL_Driver\Src\stm32l4xx_hal_spi.o
HAL_SPI_TxCpltCallback                            Drivers\STM32L4xx_HAL_Driver\Src\stm32l4xx_hal_spi.o
HAL_SPI_TxHalfCpltCallback                        Drivers\STM32L4xx_HAL_Driver\Src\stm32l4xx_hal_spi.o
HAL_SPI_TxRxCpltCallback                          Drivers\STM32L4xx_HAL_Driver\Src\stm32l4xx_hal_spi.o
HAL_SPI_TxRxHalfCpltCallback                      Drivers\STM32L4xx_HAL_Driver\Src\stm32l4xx_hal_spi.o
HAL_SYSCFG_DisableIOAnalogSwitchBooster           Drivers\STM32L4xx_HAL_Driver\Src\stm32l4xx_hal.o
HAL_SYSCFG_DisableMemorySwappingBank              Drivers\STM32L4xx_HAL_Driver\Src\stm32l4xx_hal.o
HAL_SYSCFG_EnableIOAnalogSwitchBooster            Drivers\STM32L4xx_HAL_Driver\Src\stm32l4xx_hal.o
HAL_SYSCFG_EnableMemorySwappingBank               Drivers\STM32L4xx_HAL_Driver\Src\stm32l4xx_hal.o
HAL_SYSCFG_SRAM2Erase                             Drivers\STM32L4xx_HAL_Driver\Src\stm32l4xx_hal.o
HAL_SYSTICK_CLKSourceConfig                       Drivers\STM32L4xx_HAL_Driver\Src\stm32l4xx_hal_cortex.o
                                                  Src\main.o
HAL_SYSTICK_Callback                              Drivers\STM32L4xx_HAL_Driver\Src\stm32l4xx_hal_cortex.o
HAL_SYSTICK_Config                                Drivers\STM32L4xx_HAL_Driver\Src\stm32l4xx_hal_cortex.o
                                                  Src\main.o
                                                  Drivers\STM32L4xx_HAL_Driver\Src\stm32l4xx_hal.o
HAL_SYSTICK_IRQHandler                            Drivers\STM32L4xx_HAL_Driver\Src\stm32l4xx_hal_cortex.o
                                                  Src\stm32l4xx_it.o
HAL_SuspendTick                                   Drivers\STM32L4xx_HAL_Driver\Src\stm32l4xx_hal.o
HAL_UARTEx_DisableStopMode                        Drivers\STM32L4xx_HAL_Driver\Src\stm32l4xx_hal_uart_ex.o
HAL_UARTEx_EnableStopMode                         Drivers\STM32L4xx_HAL_Driver\Src\stm32l4xx_hal_uart_ex.o
HAL_UARTEx_StopModeWakeUpSourceConfig             Drivers\STM32L4xx_HAL_Driver\Src\stm32l4xx_hal_uart_ex.o
HAL_UARTEx_WakeupCallback                         Drivers\STM32L4xx_HAL_Driver\Src\stm32l4xx_hal_uart_ex.o
                                                  Drivers\STM32L4xx_HAL_Driver\Src\stm32l4xx_hal_uart.o
HAL_UART_Abort                                    Drivers\STM32L4xx_HAL_Driver\Src\stm32l4xx_hal_uart.o
HAL_UART_AbortCpltCallback                        Drivers\STM32L4xx_HAL_Driver\Src\stm32l4xx_hal_uart.o
HAL_UART_AbortReceive                             Drivers\STM32L4xx_HAL_Driver\Src\stm32l4xx_hal_uart.o
HAL_UART_AbortReceiveCpltCallback                 Drivers\STM32L4xx_HAL_Driver\Src\stm32l4xx_hal_uart.o
HAL_UART_AbortReceive_IT                          Drivers\STM32L4xx_HAL_Driver\Src\stm32l4xx_hal_uart.o
HAL_UART_AbortTransmit                            Drivers\STM32L4xx_HAL_Driver\Src\stm32l4xx_hal_uart.o
HAL_UART_AbortTransmitCpltCallback                Drivers\STM32L4xx_HAL_Driver\Src\stm32l4xx_hal_uart.o
HAL_UART_AbortTransmit_IT                         Drivers\STM32L4xx_HAL_Driver\Src\stm32l4xx_hal_uart.o
HAL_UART_Abort_IT                                 Drivers\STM32L4xx_HAL_Driver\Src\stm32l4xx_hal_uart.o
HAL_UART_DMAPause                                 Drivers\STM32L4xx_HAL_Driver\Src\stm32l4xx_hal_uart.o
HAL_UART_DMAResume                                Drivers\STM32L4xx_HAL_Driver\Src\stm32l4xx_hal_uart.o
HAL_UART_DMAStop                                  Drivers\STM32L4xx_HAL_Driver\Src\stm32l4xx_hal_uart.o
HAL_UART_DeInit                                   Drivers\STM32L4xx_HAL_Driver\Src\stm32l4xx_hal_uart.o
HAL_UART_ErrorCallback                            Drivers\STM32L4xx_HAL_Driver\Src\stm32l4xx_hal_uart.o
HAL_UART_GetError                                 Drivers\STM32L4xx_HAL_Driver\Src\stm32l4xx_hal_uart.o
HAL_UART_GetState                                 Drivers\STM32L4xx_HAL_Driver\Src\stm32l4xx_hal_uart.o
HAL_UART_IRQHandler                               Drivers\STM32L4xx_HAL_Driver\Src\stm32l4xx_hal_uart.o
HAL_UART_Init                                     Drivers\STM32L4xx_HAL_Driver\Src\stm32l4xx_hal_uart.o
                                                  Src\main.o
HAL_UART_MspDeInit                                Src\stm32l4xx_hal_msp.o
                                                  Drivers\STM32L4xx_HAL_Driver\Src\stm32l4xx_hal_uart.o
HAL_UART_MspInit                                  Src\stm32l4xx_hal_msp.o
                                                  Drivers\STM32L4xx_HAL_Driver\Src\stm32l4xx_hal_uart.o
                                                  Drivers\STM32L4xx_HAL_Driver\Src\stm32l4xx_hal_uart_ex.o
HAL_UART_Receive                                  Drivers\STM32L4xx_HAL_Driver\Src\stm32l4xx_hal_uart.o
                                                  Src\syscalls.o
HAL_UART_Receive_DMA                              Drivers\STM32L4xx_HAL_Driver\Src\stm32l4xx_hal_uart.o
HAL_UART_Receive_IT                               Drivers\STM32L4xx_HAL_Driver\Src\stm32l4xx_hal_uart.o
HAL_UART_RxCpltCallback                           Drivers\STM32L4xx_HAL_Driver\Src\stm32l4xx_hal_uart.o
HAL_UART_RxHalfCpltCallback                       Drivers\STM32L4xx_HAL_Driver\Src\stm32l4xx_hal_uart.o
HAL_UART_Transmit                                 Drivers\STM32L4xx_HAL_Driver\Src\stm32l4xx_hal_uart.o
                                                  Src\syscalls.o
HAL_UART_Transmit_DMA                             Drivers\STM32L4xx_HAL_Driver\Src\stm32l4xx_hal_uart.o
HAL_UART_Transmit_IT                              Drivers\STM32L4xx_HAL_Driver\Src\stm32l4xx_hal_uart.o
HAL_UART_TxCpltCallback                           Drivers\STM32L4xx_HAL_Driver\Src\stm32l4xx_hal_uart.o
HAL_UART_TxHalfCpltCallback                       Drivers\STM32L4xx_HAL_Driver\Src\stm32l4xx_hal_uart.o
HardFault_Handler                                 startup\startup_stm32l432xx.o
I2C1_ER_IRQHandler                                startup\startup_stm32l432xx.o
I2C1_EV_IRQHandler                                startup\startup_stm32l432xx.o
I2C3_ER_IRQHandler                                startup\startup_stm32l432xx.o
I2C3_EV_IRQHandler                                startup\startup_stm32l432xx.o
IAbs                                              Src\GFXC.o
ILI9163Init                                       Src\ILI9163.o
                                                  Src\main.o
InvMode                                           Src\ILI9163.o
                                                  Src\main.o
LPTIM1_IRQHandler                                 startup\startup_stm32l432xx.o
LPTIM2_IRQHandler                                 startup\startup_stm32l432xx.o
LPUART1_IRQHandler                                startup\startup_stm32l432xx.o
LineC                                             Src\GFXC.o
                                                  Src\gauge.o
LineP                                             Src\GFXC.o
MSIRangeTable                                     Src\system_stm32l4xx.o
                                                  Drivers\STM32L4xx_HAL_Driver\Src\stm32l4xx_hal_rcc.o
MemManage_Handler                                 startup\startup_stm32l432xx.o
NMI_Handler                                       startup\startup_stm32l432xx.o
PChar                                             Src\GFXC.o
PCol                                              Src\ILI9163.o
                                                  Src\GFXC.o
PStr                                              Src\GFXC.o
                                                  Src\main.o
PVD_PVM_IRQHandler                                startup\startup_stm32l432xx.o
PendSV_Handler                                    startup\startup_stm32l432xx.o
QUADSPI_IRQHandler                                startup\startup_stm32l432xx.o
RCC_IRQHandler                                    startup\startup_stm32l432xx.o
RNG_IRQHandler                                    startup\startup_stm32l432xx.o
RTC_Alarm_IRQHandler                              startup\startup_stm32l432xx.o
RTC_WKUP_IRQHandler                               startup\startup_stm32l432xx.o
Rect                                              Src\GFXC.o
Reset_Handler                                     startup\startup_stm32l432xx.o
RotateCo                                          Src\GFXC.o
Row                                               Src\GFXC.o
SAI1_IRQHandler                                   startup\startup_stm32l432xx.o
SB                                                Src\ILI9163.o
SPI1_IRQHandler                                   startup\startup_stm32l432xx.o
SPI3_IRQHandler                                   startup\startup_stm32l432xx.o
SVC_Handler                                       startup\startup_stm32l432xx.o
SW                                                Src\ILI9163.o
                                                  Src\GFXC.o
SWPMI1_IRQHandler                                 startup\startup_stm32l432xx.o
Semicircle                                        Src\GFXC.o
SetAddr                                           Src\ILI9163.o
                                                  Src\GFXC.o
SetScrn                                           Src\ILI9163.o
                                                  Src\main.o
SleepMode                                         Src\ILI9163.o
                                                  Src\main.o
StrLen                                            Src\GFXC.o
SysTick_Handler                                   Src\stm32l4xx_it.o
SystemClock_Config                                Src\main.o
SystemCoreClock                                   Src\system_stm32l4xx.o
                                                  Drivers\STM32L4xx_HAL_Driver\Src\stm32l4xx_hal_rcc.o
                                                  Drivers\STM32L4xx_HAL_Driver\Src\stm32l4xx_hal_pwr_ex.o
                                                  Drivers\STM32L4xx_HAL_Driver\Src\stm32l4xx_hal.o
SystemCoreClockUpdate                             Src\system_stm32l4xx.o
SystemInit                                        Src\system_stm32l4xx.o
                                                  startup\startup_stm32l432xx.o
TAMP_STAMP_IRQHandler                             startup\startup_stm32l432xx.o
TIM1_BRK_TIM15_IRQHandler                         startup\startup_stm32l432xx.o
TIM1_CC_IRQHandler                                startup\startup_stm32l432xx.o
TIM1_TRG_COM_IRQHandler                           startup\startup_stm32l432xx.o
TIM1_UP_TIM16_IRQHandler                          startup\startup_stm32l432xx.o
TIM2_IRQHandler                                   startup\startup_stm32l432xx.o
TIM6_DAC_IRQHandler                               startup\startup_stm32l432xx.o
TIM7_IRQHandler                                   startup\startup_stm32l432xx.o
TSC_IRQHandler                                    startup\startup_stm32l432xx.o
TextParamInit                                     Src\GFXC.o
Triangle                                          Src\GFXC.o
UART_AdvFeatureConfig                             Drivers\STM32L4xx_HAL_Driver\Src\stm32l4xx_hal_uart.o
                                                  Drivers\STM32L4xx_HAL_Driver\Src\stm32l4xx_hal_uart_ex.o
UART_CheckIdleState                               Drivers\STM32L4xx_HAL_Driver\Src\stm32l4xx_hal_uart.o
                                                  Drivers\STM32L4xx_HAL_Driver\Src\stm32l4xx_hal_uart_ex.o
UART_SetConfig                                    Drivers\STM32L4xx_HAL_Driver\Src\stm32l4xx_hal_uart.o
                                                  Drivers\STM32L4xx_HAL_Driver\Src\stm32l4xx_hal_uart_ex.o
UART_WaitOnFlagUntilTimeout                       Drivers\STM32L4xx_HAL_Driver\Src\stm32l4xx_hal_uart.o
                                                  Drivers\STM32L4xx_HAL_Driver\Src\stm32l4xx_hal_uart_ex.o
USART1_IRQHandler                                 startup\startup_stm32l432xx.o
USART2_IRQHandler                                 startup\startup_stm32l432xx.o
USB_IRQHandler                                    startup\startup_stm32l432xx.o
UsageFault_Handler                                startup\startup_stm32l432xx.o
WWDG_IRQHandler                                   startup\startup_stm32l432xx.o
WritePix                                          Src\ILI9163.o
                                                  Src\main.o
                                                  Src\GFXC.o
__adddf3                                          c:/program files (x86)/atollic/truestudio for arm 7.0.1/armtools/bin/../lib/gcc/arm-atollic-eabi/5.3.1/armv7e-m/fpu\libgcc.a(_arm_addsubdf3.o)
__aeabi_cdcmpeq                                   c:/program files (x86)/atollic/truestudio for arm 7.0.1/armtools/bin/../lib/gcc/arm-atollic-eabi/5.3.1/armv7e-m/fpu\libgcc.a(_arm_cmpdf2.o)
__aeabi_cdcmple                                   c:/program files (x86)/atollic/truestudio for arm 7.0.1/armtools/bin/../lib/gcc/arm-atollic-eabi/5.3.1/armv7e-m/fpu\libgcc.a(_arm_cmpdf2.o)
__aeabi_cdrcmple                                  c:/program files (x86)/atollic/truestudio for arm 7.0.1/armtools/bin/../lib/gcc/arm-atollic-eabi/5.3.1/armv7e-m/fpu\libgcc.a(_arm_cmpdf2.o)
__aeabi_d2f                                       c:/program files (x86)/atollic/truestudio for arm 7.0.1/armtools/bin/../lib/gcc/arm-atollic-eabi/5.3.1/armv7e-m/fpu\libgcc.a(_arm_truncdfsf2.o)
                                                  Src\gauge.o
__aeabi_d2iz                                      c:/program files (x86)/atollic/truestudio for arm 7.0.1/armtools/bin/../lib/gcc/arm-atollic-eabi/5.3.1/armv7e-m/fpu\libgcc.a(_arm_fixdfsi.o)
                                                  c:/program files (x86)/atollic/truestudio for arm 7.0.1/armtools/bin/../lib/gcc/arm-atollic-eabi/5.3.1/../../../../arm-atollic-eabi/lib/armv7e-m/fpu\libm.a(lib_a-k_sin.o)
                                                  c:/program files (x86)/atollic/truestudio for arm 7.0.1/armtools/bin/../lib/gcc/arm-atollic-eabi/5.3.1/../../../../arm-atollic-eabi/lib/armv7e-m/fpu\libm.a(lib_a-k_rem_pio2.o)
                                                  c:/program files (x86)/atollic/truestudio for arm 7.0.1/armtools/bin/../lib/gcc/arm-atollic-eabi/5.3.1/../../../../arm-atollic-eabi/lib/armv7e-m/fpu\libm.a(lib_a-k_cos.o)
                                                  c:/program files (x86)/atollic/truestudio for arm 7.0.1/armtools/bin/../lib/gcc/arm-atollic-eabi/5.3.1/../../../../arm-atollic-eabi/lib/armv7e-m/fpu\libm.a(lib_a-e_rem_pio2.o)
__aeabi_dadd                                      c:/program files (x86)/atollic/truestudio for arm 7.0.1/armtools/bin/../lib/gcc/arm-atollic-eabi/5.3.1/armv7e-m/fpu\libgcc.a(_arm_addsubdf3.o)
                                                  c:/program files (x86)/atollic/truestudio for arm 7.0.1/armtools/bin/../lib/gcc/arm-atollic-eabi/5.3.1/../../../../arm-atollic-eabi/lib/armv7e-m/fpu\libm.a(lib_a-s_scalbn.o)
                                                  c:/program files (x86)/atollic/truestudio for arm 7.0.1/armtools/bin/../lib/gcc/arm-atollic-eabi/5.3.1/../../../../arm-atollic-eabi/lib/armv7e-m/fpu\libm.a(lib_a-s_floor.o)
                                                  c:/program files (x86)/atollic/truestudio for arm 7.0.1/armtools/bin/../lib/gcc/arm-atollic-eabi/5.3.1/../../../../arm-atollic-eabi/lib/armv7e-m/fpu\libm.a(lib_a-k_sin.o)
                                                  c:/program files (x86)/atollic/truestudio for arm 7.0.1/armtools/bin/../lib/gcc/arm-atollic-eabi/5.3.1/../../../../arm-atollic-eabi/lib/armv7e-m/fpu\libm.a(lib_a-k_rem_pio2.o)
                                                  c:/program files (x86)/atollic/truestudio for arm 7.0.1/armtools/bin/../lib/gcc/arm-atollic-eabi/5.3.1/../../../../arm-atollic-eabi/lib/armv7e-m/fpu\libm.a(lib_a-k_cos.o)
                                                  c:/program files (x86)/atollic/truestudio for arm 7.0.1/armtools/bin/../lib/gcc/arm-atollic-eabi/5.3.1/../../../../arm-atollic-eabi/lib/armv7e-m/fpu\libm.a(lib_a-e_rem_pio2.o)
__aeabi_dcmpeq                                    c:/program files (x86)/atollic/truestudio for arm 7.0.1/armtools/bin/../lib/gcc/arm-atollic-eabi/5.3.1/armv7e-m/fpu\libgcc.a(_arm_cmpdf2.o)
                                                  c:/program files (x86)/atollic/truestudio for arm 7.0.1/armtools/bin/../lib/gcc/arm-atollic-eabi/5.3.1/../../../../arm-atollic-eabi/lib/armv7e-m/fpu\libm.a(lib_a-k_rem_pio2.o)
                                                  c:/program files (x86)/atollic/truestudio for arm 7.0.1/armtools/bin/../lib/gcc/arm-atollic-eabi/5.3.1/../../../../arm-atollic-eabi/lib/armv7e-m/fpu\libm.a(lib_a-e_rem_pio2.o)
__aeabi_dcmpge                                    c:/program files (x86)/atollic/truestudio for arm 7.0.1/armtools/bin/../lib/gcc/arm-atollic-eabi/5.3.1/armv7e-m/fpu\libgcc.a(_arm_cmpdf2.o)
                                                  c:/program files (x86)/atollic/truestudio for arm 7.0.1/armtools/bin/../lib/gcc/arm-atollic-eabi/5.3.1/../../../../arm-atollic-eabi/lib/armv7e-m/fpu\libm.a(lib_a-k_rem_pio2.o)
__aeabi_dcmpgt                                    c:/program files (x86)/atollic/truestudio for arm 7.0.1/armtools/bin/../lib/gcc/arm-atollic-eabi/5.3.1/armv7e-m/fpu\libgcc.a(_arm_cmpdf2.o)
                                                  c:/program files (x86)/atollic/truestudio for arm 7.0.1/armtools/bin/../lib/gcc/arm-atollic-eabi/5.3.1/../../../../arm-atollic-eabi/lib/armv7e-m/fpu\libm.a(lib_a-s_floor.o)
__aeabi_dcmple                                    c:/program files (x86)/atollic/truestudio for arm 7.0.1/armtools/bin/../lib/gcc/arm-atollic-eabi/5.3.1/armv7e-m/fpu\libgcc.a(_arm_cmpdf2.o)
__aeabi_dcmplt                                    c:/program files (x86)/atollic/truestudio for arm 7.0.1/armtools/bin/../lib/gcc/arm-atollic-eabi/5.3.1/armv7e-m/fpu\libgcc.a(_arm_cmpdf2.o)
__aeabi_ddiv                                      c:/program files (x86)/atollic/truestudio for arm 7.0.1/armtools/bin/../lib/gcc/arm-atollic-eabi/5.3.1/armv7e-m/fpu\libgcc.a(_arm_muldivdf3.o)
                                                  Src\gauge.o
__aeabi_dmul                                      c:/program files (x86)/atollic/truestudio for arm 7.0.1/armtools/bin/../lib/gcc/arm-atollic-eabi/5.3.1/armv7e-m/fpu\libgcc.a(_arm_muldivdf3.o)